Component: ARM Compiler 5.06 update 5 (build 528) Tool: armlink [4d35e2]

==============================================================================

Section Cross References

    main.o(i.main) refers to nrf_log_frontend.o(i.nrf_log_init) for nrf_log_init
    main.o(i.main) refers to app_error.o(i.app_error_handler_bare) for app_error_handler_bare
    main.o(i.main) refers to nrf_log_default_backends.o(i.nrf_log_default_backends_init) for nrf_log_default_backends_init
    main.o(i.main) refers to nrf_log_frontend.o(i.nrf_log_frontend_std_0) for nrf_log_frontend_std_0
    main.o(i.main) refers to main.o(i.twi_init) for twi_init
    main.o(i.main) refers to main.o(i.timer_init) for timer_init
    main.o(i.main) refers to adxl.o(i.ADXL345_I2C_init) for ADXL345_I2C_init
    main.o(i.main) refers to adxl.o(i.ADXL345_I2C_data_rate_set) for ADXL345_I2C_data_rate_set
    main.o(i.main) refers to adxl.o(i.ADXL345_I2C_offsets_set) for ADXL345_I2C_offsets_set
    main.o(i.main) refers to nrf_log_frontend.o(log_dynamic_data) for m_nrf_log_app_logs_data_dynamic
    main.o(i.main) refers to main.o(.constdata) for .constdata
    main.o(i.timer_adxl_event_handler) refers to adxl.o(i.ADXL345_I2C_acc_data_read) for ADXL345_I2C_acc_data_read
    main.o(i.timer_adxl_event_handler) refers to nrf_log_frontend.o(i.nrf_log_frontend_std_3) for nrf_log_frontend_std_3
    main.o(i.timer_adxl_event_handler) refers to nrf_log_frontend.o(log_dynamic_data) for m_nrf_log_app_logs_data_dynamic
    main.o(i.timer_init) refers to nrfx_timer.o(i.nrfx_timer_init) for nrfx_timer_init
    main.o(i.timer_init) refers to app_error.o(i.app_error_handler_bare) for app_error_handler_bare
    main.o(i.timer_init) refers to nrfx_timer.o(i.nrfx_timer_extended_compare) for nrfx_timer_extended_compare
    main.o(i.timer_init) refers to nrfx_timer.o(i.nrfx_timer_enable) for nrfx_timer_enable
    main.o(i.timer_init) refers to main.o(.constdata) for .constdata
    main.o(i.timer_init) refers to main.o(i.timer_adxl_event_handler) for timer_adxl_event_handler
    main.o(i.twi_init) refers to nrf_drv_twi.o(i.nrf_drv_twi_init) for nrf_drv_twi_init
    main.o(i.twi_init) refers to app_error.o(i.app_error_handler_bare) for app_error_handler_bare
    main.o(i.twi_init) refers to nrfx_twim.o(i.nrfx_twim_enable) for nrfx_twim_enable
    main.o(i.twi_init) refers to main.o(.constdata) for .constdata
    adxl.o(i.ADXL345_I2C_acc_data_read) refers to adxl.o(i.ADXL345_I2C_register_read) for ADXL345_I2C_register_read
    adxl.o(i.ADXL345_I2C_data_rate_set) refers to adxl.o(i.ADXL345_I2C_register_write) for ADXL345_I2C_register_write
    adxl.o(i.ADXL345_I2C_data_rate_set) refers to adxl.o(i.ADXL345_I2C_register_read) for ADXL345_I2C_register_read
    adxl.o(i.ADXL345_I2C_data_rate_set) refers to nrf_log_frontend.o(i.nrf_log_frontend_std_0) for nrf_log_frontend_std_0
    adxl.o(i.ADXL345_I2C_data_rate_set) refers to nrf_log_frontend.o(log_dynamic_data) for m_nrf_log_app_logs_data_dynamic
    adxl.o(i.ADXL345_I2C_init) refers to adxl.o(i.ADXL345_I2C_register_write) for ADXL345_I2C_register_write
    adxl.o(i.ADXL345_I2C_offsets_set) refers to adxl.o(i.ADXL345_I2C_register_write) for ADXL345_I2C_register_write
    adxl.o(i.ADXL345_I2C_offsets_set) refers to adxl.o(i.ADXL345_I2C_register_read) for ADXL345_I2C_register_read
    adxl.o(i.ADXL345_I2C_offsets_set) refers to nrf_log_frontend.o(i.nrf_log_frontend_std_1) for nrf_log_frontend_std_1
    adxl.o(i.ADXL345_I2C_offsets_set) refers to nrf_log_frontend.o(log_dynamic_data) for m_nrf_log_app_logs_data_dynamic
    adxl.o(i.ADXL345_I2C_register_read) refers to adxl.o(i.nrf_drv_twi_tx) for nrf_drv_twi_tx
    adxl.o(i.ADXL345_I2C_register_read) refers to app_error.o(i.app_error_handler_bare) for app_error_handler_bare
    adxl.o(i.ADXL345_I2C_register_read) refers to nrfx_twim.o(i.nrfx_twim_rx) for nrfx_twim_rx
    adxl.o(i.ADXL345_I2C_register_read) refers to main.o(.constdata) for m_twi
    adxl.o(i.ADXL345_I2C_register_write) refers to adxl.o(i.nrf_drv_twi_tx) for nrf_drv_twi_tx
    adxl.o(i.ADXL345_I2C_register_write) refers to app_error.o(i.app_error_handler_bare) for app_error_handler_bare
    adxl.o(i.ADXL345_I2C_register_write) refers to main.o(.constdata) for m_twi
    adxl.o(i.nrf_drv_twi_tx) refers to nrfx_twim.o(i.nrfx_twim_tx) for nrfx_twim_tx
    boards.o(i.bsp_board_button_idx_to_pin) refers to boards.o(.constdata) for .constdata
    boards.o(i.bsp_board_button_state_get) refers to boards.o(.constdata) for .constdata
    boards.o(i.bsp_board_init) refers to boards.o(i.nrf_gpio_cfg) for nrf_gpio_cfg
    boards.o(i.bsp_board_init) refers to boards.o(i.bsp_board_leds_off) for bsp_board_leds_off
    boards.o(i.bsp_board_init) refers to boards.o(.constdata) for .constdata
    boards.o(i.bsp_board_led_idx_to_pin) refers to boards.o(.constdata) for .constdata
    boards.o(i.bsp_board_led_invert) refers to boards.o(.constdata) for .constdata
[...]
    ../clib/microlib/init/entry.s            0x00000000   Number         0  entry11b.o ABSOLUTE
    ../clib/microlib/init/entry.s            0x00000000   Number         0  entry7b.o ABSOLUTE
    ../clib/microlib/init/entry.s            0x00000000   Number         0  entry7a.o ABSOLUTE
    ../clib/microlib/init/entry.s            0x00000000   Number         0  entry5.o ABSOLUTE
    ../clib/microlib/init/entry.s            0x00000000   Number         0  entry.o ABSOLUTE
    ../clib/microlib/init/entry.s            0x00000000   Number         0  entry2.o ABSOLUTE
    ../clib/microlib/init/entry.s            0x00000000   Number         0  entry11a.o ABSOLUTE
    ../clib/microlib/init/entry.s            0x00000000   Number         0  entry10a.o ABSOLUTE
    ../clib/microlib/init/entry.s            0x00000000   Number         0  entry9b.o ABSOLUTE
    ../clib/microlib/stdio/fflush.c          0x00000000   Number         0  fflush.o ABSOLUTE
    ../clib/microlib/stdio/fputc.c           0x00000000   Number         0  fputc.o ABSOLUTE
    ../clib/microlib/stdio/semi.s            0x00000000   Number         0  semi.o ABSOLUTE
    ../clib/microlib/stdio/streams.c         0x00000000   Number         0  stdout.o ABSOLUTE
    ../clib/microlib/string/memcpy.c         0x00000000   Number         0  memcpya.o ABSOLUTE
    ../clib/microlib/string/memcpy.c         0x00000000   Number         0  memcpyb.o ABSOLUTE
    ../clib/microlib/string/memset.c         0x00000000   Number         0  memseta.o ABSOLUTE
    ../clib/microlib/string/strcmp.c         0x00000000   Number         0  strcmp.o ABSOLUTE
    ../clib/microlib/string/strcpy.c         0x00000000   Number         0  strcpy.o ABSOLUTE
    ../clib/microlib/string/strlen.c         0x00000000   Number         0  strlen.o ABSOLUTE
    ../clib/microlib/stubs.s                 0x00000000   Number         0  iusesemip.o ABSOLUTE
    ../clib/microlib/stubs.s                 0x00000000   Number         0  useno.o ABSOLUTE
    ..\..\..\..\..\..\components\boards\boards.c 0x00000000   Number         0  boards.o ABSOLUTE
    ..\..\..\..\..\..\components\libraries\atomic\nrf_atomic.c 0x00000000   Number         0  nrf_atomic.o ABSOLUTE
    ..\..\..\..\..\..\components\libraries\balloc\nrf_balloc.c 0x00000000   Number         0  nrf_balloc.o ABSOLUTE
    ..\..\..\..\..\..\components\libraries\experimental_log\src\nrf_log_backend_rtt.c 0x00000000   Number         0  nrf_log_backend_rtt.o ABSOLUTE
    ..\..\..\..\..\..\components\libraries\experimental_log\src\nrf_log_backend_serial.c 0x00000000   Number         0  nrf_log_backend_serial.o ABSOLUTE
    ..\..\..\..\..\..\components\libraries\experimental_log\src\nrf_log_backend_uart.c 0x00000000   Number         0  nrf_log_backend_uart.o ABSOLUTE
    ..\..\..\..\..\..\components\libraries\experimental_log\src\nrf_log_default_backends.c 0x00000000   Number         0  nrf_log_default_backends.o ABSOLUTE
    ..\..\..\..\..\..\components\libraries\experimental_log\src\nrf_log_frontend.c 0x00000000   Number         0  nrf_log_frontend.o ABSOLUTE
    ..\..\..\..\..\..\components\libraries\experimental_log\src\nrf_log_str_formatter.c 0x00000000   Number         0  nrf_log_str_formatter.o ABSOLUTE
    ..\..\..\..\..\..\components\libraries\experimental_memobj\nrf_memobj.c 0x00000000   Number         0  nrf_memobj.o ABSOLUTE
    ..\..\..\..\..\..\components\libraries\strerror\nrf_strerror.c 0x00000000   Number         0  nrf_strerror.o ABSOLUTE
    ..\..\..\..\..\..\components\libraries\util\app_error.c 0x00000000   Number         0  app_error.o ABSOLUTE
    ..\..\..\..\..\..\components\libraries\util\app_error_handler_keil.c 0x00000000   Number         0  app_error_handler_keil.o ABSOLUTE
    ..\..\..\..\..\..\components\libraries\util\app_error_weak.c 0x00000000   Number         0  app_error_weak.o ABSOLUTE
    ..\..\..\..\..\..\components\libraries\util\app_util_platform.c 0x00000000   Number         0  app_util_platform.o ABSOLUTE
    ..\..\..\..\..\..\components\libraries\util\nrf_assert.c 0x00000000   Number         0  nrf_assert.o ABSOLUTE
    ..\..\..\..\..\..\external\fprintf\nrf_fprintf.c 0x00000000   Number         0  nrf_fprintf.o ABSOLUTE
    ..\..\..\..\..\..\external\fprintf\nrf_fprintf_format.c 0x00000000   Number         0  nrf_fprintf_format.o ABSOLUTE
    ..\..\..\..\..\..\external\segger_rtt\SEGGER_RTT.c 0x00000000   Number         0  segger_rtt.o ABSOLUTE
    ..\..\..\..\..\..\external\segger_rtt\SEGGER_RTT_Syscalls_KEIL.c 0x00000000   Number         0  segger_rtt_syscalls_keil.o ABSOLUTE
    ..\..\..\..\..\..\external\segger_rtt\SEGGER_RTT_printf.c 0x00000000   Number         0  segger_rtt_printf.o ABSOLUTE
    ..\..\..\..\..\..\integration\nrfx\legacy\nrf_drv_twi.c 0x00000000   Number         0  nrf_drv_twi.o ABSOLUTE
    ..\..\..\..\..\..\integration\nrfx\legacy\nrf_drv_uart.c 0x00000000   Number         0  nrf_drv_uart.o ABSOLUTE
    ..\..\..\..\..\..\modules\nrfx\drivers\src\nrfx_timer.c 0x00000000   Number         0  nrfx_timer.o ABSOLUTE
    ..\..\..\..\..\..\modules\nrfx\drivers\src\nrfx_twi.c 0x00000000   Number         0  nrfx_twi.o ABSOLUTE
    ..\..\..\..\..\..\modules\nrfx\drivers\src\nrfx_twim.c 0x00000000   Number         0  nrfx_twim.o ABSOLUTE
    ..\..\..\..\..\..\modules\nrfx\drivers\src\nrfx_uart.c 0x00000000   Number         0  nrfx_uart.o ABSOLUTE
    ..\..\..\..\..\..\modules\nrfx\drivers\src\nrfx_uarte.c 0x00000000   Number         0  nrfx_uarte.o ABSOLUTE
    ..\..\..\..\..\..\modules\nrfx\drivers\src\prs\nrfx_prs.c 0x00000000   Number         0  nrfx_prs.o ABSOLUTE
    ..\..\..\adxl.c                          0x00000000   Number         0  adxl.o ABSOLUTE
    ..\..\..\main.c                          0x00000000   Number         0  main.o ABSOLUTE
    ..\\..\\..\\..\\..\\..\\components\\boards\\boards.c 0x00000000   Number         0  boards.o ABSOLUTE
    ..\\..\\..\\..\\..\\..\\components\\libraries\\atomic\\nrf_atomic.c 0x00000000   Number         0  nrf_atomic.o ABSOLUTE
    ..\\..\\..\\..\\..\\..\\components\\libraries\\balloc\\nrf_balloc.c 0x00000000   Number         0  nrf_balloc.o ABSOLUTE
    ..\\..\\..\\..\\..\\..\\components\\libraries\\experimental_log\\src\\nrf_log_backend_rtt.c 0x00000000   Number         0  nrf_log_backend_rtt.o ABSOLUTE
    ..\\..\\..\\..\\..\\..\\components\\libraries\\experimental_log\\src\\nrf_log_backend_serial.c 0x00000000   Number         0  nrf_log_backend_serial.o ABSOLUTE
    ..\\..\\..\\..\\..\\..\\components\\libraries\\experimental_log\\src\\nrf_log_backend_uart.c 0x00000000   Number         0  nrf_log_backend_uart.o ABSOLUTE
    ..\\..\\..\\..\\..\\..\\components\\libraries\\experimental_log\\src\\nrf_log_default_backends.c 0x00000000   Number         0  nrf_log_default_backends.o ABSOLUTE
    ..\\..\\..\\..\\..\\..\\components\\libraries\\experimental_log\\src\\nrf_log_frontend.c 0x00000000   Number         0  nrf_log_frontend.o ABSOLUTE
    ..\\..\\..\\..\\..\\..\\components\\libraries\\experimental_log\\src\\nrf_log_str_formatter.c 0x00000000   Number         0  nrf_log_str_formatter.o ABSOLUTE
    ..\\..\\..\\..\\..\\..\\components\\libraries\\experimental_memobj\\nrf_memobj.c 0x00000000   Number         0  nrf_memobj.o ABSOLUTE
    ..\\..\\..\\..\\..\\..\\components\\libraries\\strerror\\nrf_strerror.c 0x00000000   Number         0  nrf_strerror.o ABSOLUTE
    ..\\..\\..\\..\\..\\..\\components\\libraries\\util\\app_error.c 0x00000000   Number         0  app_error.o ABSOLUTE
    ..\\..\\..\\..\\..\\..\\components\\libraries\\util\\app_error_handler_keil.c 0x00000000   Number         0  app_error_handler_keil.o ABSOLUTE
    ..\\..\\..\\..\\..\\..\\components\\libraries\\util\\app_error_weak.c 0x00000000   Number         0  app_error_weak.o ABSOLUTE
    ..\\..\\..\\..\\..\\..\\components\\libraries\\util\\app_util_platform.c 0x00000000   Number         0  app_util_platform.o ABSOLUTE
    ..\\..\\..\\..\\..\\..\\components\\libraries\\util\\nrf_assert.c 0x00000000   Number         0  nrf_assert.o ABSOLUTE
    ..\\..\\..\\..\\..\\..\\external\\fprintf\\nrf_fprintf.c 0x00000000   Number         0  nrf_fprintf.o ABSOLUTE
    ..\\..\\..\\..\\..\\..\\external\\fprintf\\nrf_fprintf_format.c 0x00000000   Number         0  nrf_fprintf_format.o ABSOLUTE
    ..\\..\\..\\..\\..\\..\\external\\segger_rtt\\SEGGER_RTT.c 0x00000000   Number         0  segger_rtt.o ABSOLUTE
    ..\\..\\..\\..\\..\\..\\external\\segger_rtt\\SEGGER_RTT_Syscalls_KEIL.c 0x00000000   Number         0  segger_rtt_syscalls_keil.o ABSOLUTE
    ..\\..\\..\\..\\..\\..\\external\\segger_rtt\\SEGGER_RTT_printf.c 0x00000000   Number         0  segger_rtt_printf.o ABSOLUTE
    ..\\..\\..\\..\\..\\..\\integration\\nrfx\\legacy\\nrf_drv_twi.c 0x00000000   Number         0  nrf_drv_twi.o ABSOLUTE
    ..\\..\\..\\..\\..\\..\\integration\\nrfx\\legacy\\nrf_drv_uart.c 0x00000000   Number         0  nrf_drv_uart.o ABSOLUTE
    ..\\..\\..\\..\\..\\..\\modules\\nrfx\\drivers\\src\\nrfx_timer.c 0x00000000   Number         0  nrfx_timer.o ABSOLUTE
    ..\\..\\..\\..\\..\\..\\modules\\nrfx\\drivers\\src\\nrfx_twi.c 0x00000000   Number         0  nrfx_twi.o ABSOLUTE
    ..\\..\\..\\..\\..\\..\\modules\\nrfx\\drivers\\src\\nrfx_twim.c 0x00000000   Number         0  nrfx_twim.o ABSOLUTE
    ..\\..\\..\\..\\..\\..\\modules\\nrfx\\drivers\\src\\nrfx_uart.c 0x00000000   Number         0  nrfx_uart.o ABSOLUTE
    ..\\..\\..\\..\\..\\..\\modules\\nrfx\\drivers\\src\\nrfx_uarte.c 0x00000000   Number         0  nrfx_uarte.o ABSOLUTE
    ..\\..\\..\\..\\..\\..\\modules\\nrfx\\drivers\\src\\prs\\nrfx_prs.c 0x00000000   Number         0  nrfx_prs.o ABSOLUTE
    ..\\..\\..\\adxl.c                       0x00000000   Number         0  adxl.o ABSOLUTE
    ..\\..\\..\\main.c                       0x00000000   Number         0  main.o ABSOLUTE
    RTE\Device\nRF52832_xxAA\arm_startup_nrf52.s 0x00000000   Number         0  arm_startup_nrf52.o ABSOLUTE
    RTE\Device\nRF52832_xxAA\system_nrf52.c  0x00000000   Number         0  system_nrf52.o ABSOLUTE
    RTE\\Device\\nRF52832_xxAA\\system_nrf52.c 0x00000000   Number         0  system_nrf52.o ABSOLUTE
    dc.s                                     0x00000000   Number         0  dc.o ABSOLUTE
    handlers.s                               0x00000000   Number         0  handlers.o ABSOLUTE
    init.s                                   0x00000000   Number         0  init.o ABSOLUTE
    .ARM.Collect$$$$00000000                 0x00000200   Section        0  entry.o(.ARM.Collect$$$$00000000)
    .ARM.Collect$$$$00000001                 0x00000200   Section        4  entry2.o(.ARM.Collect$$$$00000001)
    .ARM.Collect$$$$00000004                 0x00000204   Section        4  entry5.o(.ARM.Collect$$$$00000004)
    .ARM.Collect$$$$00000008                 0x00000208   Section        0  entry7b.o(.ARM.Collect$$$$00000008)
    .ARM.Collect$$$$0000000A                 0x00000208   Section        0  entry8b.o(.ARM.Collect$$$$0000000A)
    .ARM.Collect$$$$0000000B                 0x00000208   Section        8  entry9a.o(.ARM.Collect$$$$0000000B)
    .ARM.Collect$$$$0000000D                 0x00000210   Section        0  entry10a.o(.ARM.Collect$$$$0000000D)
    .ARM.Collect$$$$0000000F                 0x00000210   Section        0  entry11a.o(.ARM.Collect$$$$0000000F)
    .ARM.Collect$$$$00002712                 0x00000210   Section        4  entry2.o(.ARM.Collect$$$$00002712)
    __lit__00000000                          0x00000210   Data           4  entry2.o(.ARM.Collect$$$$00002712)
    .emb_text                                0x00000214   Section      226  nrf_atomic.o(.emb_text)
    $v0                                      0x00000214   Number         0  nrf_atomic.o(.emb_text)
    .text                                    0x000002f8   Section       36  arm_startup_nrf52.o(.text)
    $v0                                      0x000002f8   Number         0  arm_startup_nrf52.o(.text)
    .text                                    0x0000031c   Section        0  ctype_o.o(.text)
    .text                                    0x00000324   Section        0  memcpya.o(.text)
    .text                                    0x00000348   Section        0  memseta.o(.text)
    .text                                    0x0000036c   Section        0  strlen.o(.text)
    .text                                    0x0000037c   Section       36  init.o(.text)
    i.ADXL345_I2C_acc_data_read              0x000003a0   Section        0  adxl.o(i.ADXL345_I2C_acc_data_read)
    i.ADXL345_I2C_data_rate_set              0x000003c8   Section        0  adxl.o(i.ADXL345_I2C_data_rate_set)
    i.ADXL345_I2C_init                       0x00000454   Section        0  adxl.o(i.ADXL345_I2C_init)
    i.ADXL345_I2C_offsets_set                0x0000046c   Section        0  adxl.o(i.ADXL345_I2C_offsets_set)
    i.ADXL345_I2C_register_read              0x0000051c   Section        0  adxl.o(i.ADXL345_I2C_register_read)
    i.ADXL345_I2C_register_write             0x0000055c   Section        0  adxl.o(i.ADXL345_I2C_register_write)
    i.SPIM0_SPIS0_TWIM0_TWIS0_SPI0_TWI0_IRQHandler 0x00000580   Section        0  nrfx_twim.o(i.SPIM0_SPIS0_TWIM0_TWIS0_SPI0_TWI0_IRQHandler)
    i.SPIM1_SPIS1_TWIM1_TWIS1_SPI1_TWI1_IRQHandler 0x00000590   Section        0  nrfx_twim.o(i.SPIM1_SPIS1_TWIM1_TWIS1_SPI1_TWI1_IRQHandler)
    i.SystemInit                             0x000005a0   Section        0  system_nrf52.o(i.SystemInit)
    i.TIMER0_IRQHandler                      0x000008bc   Section        0  nrfx_timer.o(i.TIMER0_IRQHandler)
    i.UARTE0_UART0_IRQHandler                0x0000090c   Section        0  nrfx_prs.o(i.UARTE0_UART0_IRQHandler)
    i.__scatterload_copy                     0x00000918   Section       14  handlers.o(i.__scatterload_copy)
    i.__scatterload_null                     0x00000926   Section        2  handlers.o(i.__scatterload_null)
    i.__scatterload_zeroinit                 0x00000928   Section       14  handlers.o(i.__scatterload_zeroinit)
    i.app_error_fault_handler                0x00000938   Section        0  app_error_weak.o(i.app_error_fault_handler)
    i.app_error_handler_bare                 0x000009b4   Section        0  app_error.o(i.app_error_handler_bare)
    i.app_util_critical_region_enter         0x000009ca   Section        0  app_util_platform.o(i.app_util_critical_region_enter)
    i.app_util_critical_region_exit          0x000009ce   Section        0  app_util_platform.o(i.app_util_critical_region_exit)
    i.app_util_disable_irq                   0x000009d4   Section        0  app_util_platform.o(i.app_util_disable_irq)
    i.app_util_enable_irq                    0x000009e4   Section        0  app_util_platform.o(i.app_util_enable_irq)
    i.apply_config                           0x000009f8   Section        0  nrfx_uart.o(i.apply_config)
    apply_config                             0x000009f9   Thumb Code   136  nrfx_uart.o(i.apply_config)
    i.apply_config                           0x00000a80   Section        0  nrfx_uarte.o(i.apply_config)
    apply_config                             0x00000a81   Thumb Code   136  nrfx_uarte.o(i.apply_config)
    i.buf_prealloc                           0x00000b08   Section        0  nrf_log_frontend.o(i.buf_prealloc)
    buf_prealloc                             0x00000b09   Thumb Code   130  nrf_log_frontend.o(i.buf_prealloc)
    i.buffer_add                             0x00000b90   Section        0  nrf_fprintf_format.o(i.buffer_add)
    buffer_add                               0x00000b91   Thumb Code    30  nrf_fprintf_format.o(i.buffer_add)
    i.buffer_is_empty                        0x00000bb0   Section        0  nrf_log_frontend.o(i.buffer_is_empty)
    i.dropped_sat16_get                      0x00000bc4   Section        0  nrf_log_frontend.o(i.dropped_sat16_get)
    dropped_sat16_get                        0x00000bc5   Thumb Code    16  nrf_log_frontend.o(i.dropped_sat16_get)
    i.int_print                              0x00000bd8   Section        0  nrf_fprintf_format.o(i.int_print)
    int_print                                0x00000bd9   Thumb Code   166  nrf_fprintf_format.o(i.int_print)
    i.interrupts_enable                      0x00000c80   Section        0  nrfx_uarte.o(i.interrupts_enable)
    interrupts_enable                        0x00000c81   Thumb Code   122  nrfx_uarte.o(i.interrupts_enable)
    i.invalid_packets_pushed_str_omit        0x00000d00   Section        0  nrf_log_frontend.o(i.invalid_packets_pushed_str_omit)
    invalid_packets_pushed_str_omit          0x00000d01   Thumb Code    76  nrf_log_frontend.o(i.invalid_packets_pushed_str_omit)
    i.log_skip                               0x00000d4c   Section        0  nrf_log_frontend.o(i.log_skip)
    log_skip                                 0x00000d4d   Thumb Code   148  nrf_log_frontend.o(i.log_skip)
    i.main                                   0x00000de8   Section        0  main.o(i.main)
    i.memobj_op                              0x00000e50   Section        0  nrf_memobj.o(i.memobj_op)
    memobj_op                                0x00000e51   Thumb Code   118  nrf_memobj.o(i.memobj_op)
    i.module_idx_get                         0x00000ec8   Section        0  nrf_log_frontend.o(i.module_idx_get)
    module_idx_get                           0x00000ec9   Thumb Code    44  nrf_log_frontend.o(i.module_idx_get)
    i.nrf_atomic_flag_clear_fetch            0x00000ef8   Section        0  nrf_atomic.o(i.nrf_atomic_flag_clear_fetch)
    i.nrf_atomic_flag_set                    0x00000efe   Section        0  nrf_atomic.o(i.nrf_atomic_flag_set)
    i.nrf_atomic_u32_add                     0x00000f04   Section        0  nrf_atomic.o(i.nrf_atomic_u32_add)
    i.nrf_atomic_u32_fetch_and               0x00000f10   Section        0  nrf_atomic.o(i.nrf_atomic_u32_fetch_and)
    i.nrf_atomic_u32_fetch_store             0x00000f1a   Section        0  nrf_atomic.o(i.nrf_atomic_u32_fetch_store)
    i.nrf_atomic_u32_or                      0x00000f24   Section        0  nrf_atomic.o(i.nrf_atomic_u32_or)
    i.nrf_atomic_u32_sub                     0x00000f30   Section        0  nrf_atomic.o(i.nrf_atomic_u32_sub)
    i.nrf_balloc_alloc                       0x00000f3c   Section        0  nrf_balloc.o(i.nrf_balloc_alloc)
    i.nrf_balloc_free                        0x00000f7a   Section        0  nrf_balloc.o(i.nrf_balloc_free)
    i.nrf_balloc_init                        0x00000fa4   Section        0  nrf_balloc.o(i.nrf_balloc_init)
    i.nrf_drv_twi_init                       0x00000fd4   Section        0  nrf_drv_twi.o(i.nrf_drv_twi_init)
    i.nrf_drv_twi_tx                         0x00001014   Section        0  adxl.o(i.nrf_drv_twi_tx)
    nrf_drv_twi_tx                           0x00001015   Thumb Code    14  adxl.o(i.nrf_drv_twi_tx)
    i.nrf_drv_uart_init                      0x00001024   Section        0  nrf_drv_uart.o(i.nrf_drv_uart_init)
    i.nrf_fprintf                            0x0000108c   Section        0  nrf_fprintf.o(i.nrf_fprintf)
    i.nrf_fprintf_buffer_flush               0x000010a6   Section        0  nrf_fprintf.o(i.nrf_fprintf_buffer_flush)
    i.nrf_fprintf_fmt                        0x000010be   Section        0  nrf_fprintf_format.o(i.nrf_fprintf_fmt)
    i.nrf_gpio_cfg                           0x00001298   Section        0  nrfx_twim.o(i.nrf_gpio_cfg)
    nrf_gpio_cfg                             0x00001299   Thumb Code    36  nrfx_twim.o(i.nrf_gpio_cfg)
    i.nrf_gpio_cfg                           0x000012bc   Section        0  nrfx_uart.o(i.nrf_gpio_cfg)
    nrf_gpio_cfg                             0x000012bd   Thumb Code    36  nrfx_uart.o(i.nrf_gpio_cfg)
    i.nrf_gpio_cfg                           0x000012e0   Section        0  nrfx_uarte.o(i.nrf_gpio_cfg)
    nrf_gpio_cfg                             0x000012e1   Thumb Code    36  nrfx_uarte.o(i.nrf_gpio_cfg)
    i.nrf_gpio_cfg_default                   0x00001304   Section        0  nrfx_uart.o(i.nrf_gpio_cfg_default)
    nrf_gpio_cfg_default                     0x00001305   Thumb Code    18  nrfx_uart.o(i.nrf_gpio_cfg_default)
    i.nrf_gpio_cfg_default                   0x00001316   Section        0  nrfx_uarte.o(i.nrf_gpio_cfg_default)
    nrf_gpio_cfg_default                     0x00001317   Thumb Code    18  nrfx_uarte.o(i.nrf_gpio_cfg_default)
    i.nrf_gpio_cfg_input                     0x00001328   Section        0  nrfx_uart.o(i.nrf_gpio_cfg_input)
    nrf_gpio_cfg_input                       0x00001329   Thumb Code    18  nrfx_uart.o(i.nrf_gpio_cfg_input)
    i.nrf_gpio_cfg_input                     0x0000133a   Section        0  nrfx_uarte.o(i.nrf_gpio_cfg_input)
    nrf_gpio_cfg_input                       0x0000133b   Thumb Code    18  nrfx_uarte.o(i.nrf_gpio_cfg_input)
    i.nrf_gpio_cfg_output                    0x0000134c   Section        0  nrfx_uart.o(i.nrf_gpio_cfg_output)
    nrf_gpio_cfg_output                      0x0000134d   Thumb Code    20  nrfx_uart.o(i.nrf_gpio_cfg_output)
    i.nrf_gpio_cfg_output                    0x00001360   Section        0  nrfx_uarte.o(i.nrf_gpio_cfg_output)
    nrf_gpio_cfg_output                      0x00001361   Thumb Code    20  nrfx_uarte.o(i.nrf_gpio_cfg_output)
    i.nrf_gpio_pin_set                       0x00001374   Section        0  nrf_drv_twi.o(i.nrf_gpio_pin_set)
    nrf_gpio_pin_set                         0x00001375   Thumb Code    14  nrf_drv_twi.o(i.nrf_gpio_pin_set)
    i.nrf_log_backend_add                    0x00001384   Section        0  nrf_log_frontend.o(i.nrf_log_backend_add)
    i.nrf_log_backend_serial_put             0x000013d4   Section        0  nrf_log_backend_serial.o(i.nrf_log_backend_serial_put)
    i.nrf_log_backend_uart_flush             0x0000149c   Section        0  nrf_log_backend_uart.o(i.nrf_log_backend_uart_flush)
    nrf_log_backend_uart_flush               0x0000149d   Thumb Code     2  nrf_log_backend_uart.o(i.nrf_log_backend_uart_flush)
    i.nrf_log_backend_uart_init              0x0000149e   Section        0  nrf_log_backend_uart.o(i.nrf_log_backend_uart_init)
    i.nrf_log_backend_uart_panic_set         0x000014a4   Section        0  nrf_log_backend_uart.o(i.nrf_log_backend_uart_panic_set)
    nrf_log_backend_uart_panic_set           0x000014a5   Thumb Code    36  nrf_log_backend_uart.o(i.nrf_log_backend_uart_panic_set)
    i.nrf_log_backend_uart_put               0x000014d0   Section        0  nrf_log_backend_uart.o(i.nrf_log_backend_uart_put)
    nrf_log_backend_uart_put                 0x000014d1   Thumb Code    16  nrf_log_backend_uart.o(i.nrf_log_backend_uart_put)
    i.nrf_log_color_id_get                   0x000014e8   Section        0  nrf_log_frontend.o(i.nrf_log_color_id_get)
    i.nrf_log_default_backends_init          0x00001518   Section        0  nrf_log_default_backends.o(i.nrf_log_default_backends_init)
    i.nrf_log_frontend_dequeue               0x00001534   Section        0  nrf_log_frontend.o(i.nrf_log_frontend_dequeue)
    i.nrf_log_frontend_std_0                 0x0000174c   Section        0  nrf_log_frontend.o(i.nrf_log_frontend_std_0)
    i.nrf_log_frontend_std_1                 0x00001754   Section        0  nrf_log_frontend.o(i.nrf_log_frontend_std_1)
    i.nrf_log_frontend_std_3                 0x00001762   Section        0  nrf_log_frontend.o(i.nrf_log_frontend_std_3)
    i.nrf_log_hexdump_entry_process          0x00001774   Section        0  nrf_log_str_formatter.o(i.nrf_log_hexdump_entry_process)
    i.nrf_log_init                           0x00001820   Section        0  nrf_log_frontend.o(i.nrf_log_init)
    i.nrf_log_module_cnt_get                 0x00001878   Section        0  nrf_log_frontend.o(i.nrf_log_module_cnt_get)
    i.nrf_log_module_name_get                0x0000188c   Section        0  nrf_log_frontend.o(i.nrf_log_module_name_get)
    i.nrf_log_panic                          0x000018a8   Section        0  nrf_log_frontend.o(i.nrf_log_panic)
    i.nrf_log_std_entry_process              0x000018d0   Section        0  nrf_log_str_formatter.o(i.nrf_log_std_entry_process)
    i.nrf_memobj_alloc                       0x00001986   Section        0  nrf_memobj.o(i.nrf_memobj_alloc)
    i.nrf_memobj_free                        0x000019e6   Section        0  nrf_memobj.o(i.nrf_memobj_free)
    i.nrf_memobj_get                         0x00001a18   Section        0  nrf_memobj.o(i.nrf_memobj_get)
    i.nrf_memobj_pool_init                   0x00001a20   Section        0  nrf_memobj.o(i.nrf_memobj_pool_init)
    i.nrf_memobj_put                         0x00001a24   Section        0  nrf_memobj.o(i.nrf_memobj_put)
    i.nrf_memobj_read                        0x00001a42   Section        0  nrf_memobj.o(i.nrf_memobj_read)
    i.nrf_memobj_write                       0x00001a4e   Section        0  nrf_memobj.o(i.nrf_memobj_write)
    i.nrf_timer_event_clear                  0x00001a5a   Section        0  nrfx_timer.o(i.nrf_timer_event_clear)
    nrf_timer_event_clear                    0x00001a5b   Thumb Code    12  nrfx_timer.o(i.nrf_timer_event_clear)
    i.nrf_twim_event_check                   0x00001a66   Section        0  nrfx_twim.o(i.nrf_twim_event_check)
    nrf_twim_event_check                     0x00001a67   Thumb Code    10  nrfx_twim.o(i.nrf_twim_event_check)
    i.nrf_twim_event_clear                   0x00001a70   Section        0  nrfx_twim.o(i.nrf_twim_event_clear)
    nrf_twim_event_clear                     0x00001a71   Thumb Code    12  nrfx_twim.o(i.nrf_twim_event_clear)
    i.nrf_uart_event_check                   0x00001a7c   Section        0  nrfx_uart.o(i.nrf_uart_event_check)
    nrf_uart_event_check                     0x00001a7d   Thumb Code    10  nrfx_uart.o(i.nrf_uart_event_check)
    i.nrf_uart_event_clear                   0x00001a86   Section        0  nrfx_uart.o(i.nrf_uart_event_clear)
    nrf_uart_event_clear                     0x00001a87   Thumb Code    12  nrfx_uart.o(i.nrf_uart_event_clear)
    i.nrf_uart_int_enable_check              0x00001a92   Section        0  nrfx_uart.o(i.nrf_uart_int_enable_check)
    nrf_uart_int_enable_check                0x00001a93   Thumb Code    12  nrfx_uart.o(i.nrf_uart_int_enable_check)
    i.nrf_uarte_event_check                  0x00001a9e   Section        0  nrfx_uarte.o(i.nrf_uarte_event_check)
    nrf_uarte_event_check                    0x00001a9f   Thumb Code    10  nrfx_uarte.o(i.nrf_uarte_event_check)
    i.nrf_uarte_event_clear                  0x00001aa8   Section        0  nrfx_uarte.o(i.nrf_uarte_event_clear)
    nrf_uarte_event_clear                    0x00001aa9   Thumb Code    12  nrfx_uarte.o(i.nrf_uarte_event_clear)
    i.nrfx_coredep_delay_us                  0x00001ab4   Section        0  nrf_drv_twi.o(i.nrfx_coredep_delay_us)
    nrfx_coredep_delay_us                    0x00001ab5   Thumb Code    12  nrf_drv_twi.o(i.nrfx_coredep_delay_us)
    i.nrfx_is_in_ram                         0x00001ac4   Section        0  nrfx_twim.o(i.nrfx_is_in_ram)
    nrfx_is_in_ram                           0x00001ac5   Thumb Code    16  nrfx_twim.o(i.nrfx_is_in_ram)
    i.nrfx_is_in_ram                         0x00001ad4   Section        0  nrfx_uarte.o(i.nrfx_is_in_ram)
    nrfx_is_in_ram                           0x00001ad5   Thumb Code    16  nrfx_uarte.o(i.nrfx_is_in_ram)
    i.nrfx_prs_acquire                       0x00001ae4   Section        0  nrfx_prs.o(i.nrfx_prs_acquire)
    i.nrfx_prs_release                       0x00001b14   Section        0  nrfx_prs.o(i.nrfx_prs_release)
    i.nrfx_timer_compare                     0x00001b26   Section        0  nrfx_timer.o(i.nrfx_timer_compare)
    i.nrfx_timer_enable                      0x00001b60   Section        0  nrfx_timer.o(i.nrfx_timer_enable)
    i.nrfx_timer_extended_compare            0x00001b7c   Section        0  nrfx_timer.o(i.nrfx_timer_extended_compare)
    i.nrfx_timer_init                        0x00001ba8   Section        0  nrfx_timer.o(i.nrfx_timer_init)
    i.nrfx_twim_enable                       0x00001c68   Section        0  nrfx_twim.o(i.nrfx_twim_enable)
    i.nrfx_twim_init                         0x00001c8c   Section        0  nrfx_twim.o(i.nrfx_twim_init)
    i.nrfx_twim_rx                           0x00001d70   Section        0  nrfx_twim.o(i.nrfx_twim_rx)
    i.nrfx_twim_tx                           0x00001da0   Section        0  nrfx_twim.o(i.nrfx_twim_tx)
    i.nrfx_twim_xfer                         0x00001dd8   Section        0  nrfx_twim.o(i.nrfx_twim_xfer)
    i.nrfx_uart_0_irq_handler                0x00001e00   Section        0  nrfx_uart.o(i.nrfx_uart_0_irq_handler)
    i.nrfx_uart_init                         0x00001e10   Section        0  nrfx_uart.o(i.nrfx_uart_init)
    i.nrfx_uart_tx                           0x00001ee4   Section        0  nrfx_uart.o(i.nrfx_uart_tx)
    i.nrfx_uart_tx_in_progress               0x00001f88   Section        0  nrfx_uart.o(i.nrfx_uart_tx_in_progress)
    i.nrfx_uart_uninit                       0x00001fa8   Section        0  nrfx_uart.o(i.nrfx_uart_uninit)
    i.nrfx_uarte_0_irq_handler               0x0000205c   Section        0  nrfx_uarte.o(i.nrfx_uarte_0_irq_handler)
    i.nrfx_uarte_init                        0x0000206c   Section        0  nrfx_uarte.o(i.nrfx_uarte_init)
    i.nrfx_uarte_tx                          0x000020d8   Section        0  nrfx_uarte.o(i.nrfx_uarte_tx)
    i.nrfx_uarte_tx_in_progress              0x00002168   Section        0  nrfx_uarte.o(i.nrfx_uarte_tx_in_progress)
    i.nrfx_uarte_uninit                      0x00002184   Section        0  nrfx_uarte.o(i.nrfx_uarte_uninit)
    i.postfix_process                        0x00002234   Section        0  nrf_log_str_formatter.o(i.postfix_process)
    postfix_process                          0x00002235   Thumb Code    48  nrf_log_str_formatter.o(i.postfix_process)
    i.prefix_process                         0x00002270   Section        0  nrf_log_str_formatter.o(i.prefix_process)
    prefix_process                           0x00002271   Thumb Code    90  nrf_log_str_formatter.o(i.prefix_process)
    i.prs_box_get                            0x00002308   Section        0  nrfx_prs.o(i.prs_box_get)
    prs_box_get                              0x00002309   Thumb Code    14  nrfx_prs.o(i.prs_box_get)
    i.rx_byte                                0x00002320   Section        0  nrfx_uart.o(i.rx_byte)
    rx_byte                                  0x00002321   Thumb Code    50  nrfx_uart.o(i.rx_byte)
    i.rx_done_event                          0x00002352   Section        0  nrfx_uart.o(i.rx_done_event)
    rx_done_event                            0x00002353   Thumb Code    22  nrfx_uart.o(i.rx_done_event)
    i.rx_done_event                          0x00002368   Section        0  nrfx_uarte.o(i.rx_done_event)
    rx_done_event                            0x00002369   Thumb Code    24  nrfx_uarte.o(i.rx_done_event)
    i.serial_tx                              0x00002380   Section        0  nrf_log_backend_uart.o(i.serial_tx)
    serial_tx                                0x00002381   Thumb Code    54  nrf_log_backend_uart.o(i.serial_tx)
    i.std_n                                  0x000023c0   Section        0  nrf_log_frontend.o(i.std_n)
    std_n                                    0x000023c1   Thumb Code   136  nrf_log_frontend.o(i.std_n)
    i.timer_adxl_event_handler               0x0000244c   Section        0  main.o(i.timer_adxl_event_handler)
    i.timer_init                             0x000024a4   Section        0  main.o(i.timer_init)
    i.twi_clear_bus                          0x000024f0   Section        0  nrf_drv_twi.o(i.twi_clear_bus)
    twi_clear_bus                            0x000024f1   Thumb Code   170  nrf_drv_twi.o(i.twi_clear_bus)
    i.twi_init                               0x0000259c   Section        0  main.o(i.twi_init)
    i.twim_evt_handler                       0x000025c8   Section        0  nrf_drv_twi.o(i.twim_evt_handler)
    twim_evt_handler                         0x000025c9   Thumb Code    60  nrf_drv_twi.o(i.twim_evt_handler)
    i.twim_irq_handler                       0x00002608   Section        0  nrfx_twim.o(i.twim_irq_handler)
    twim_irq_handler                         0x00002609   Thumb Code   328  nrfx_twim.o(i.twim_irq_handler)
    i.twim_xfer                              0x00002754   Section        0  nrfx_twim.o(i.twim_xfer)
    twim_xfer                                0x00002755   Thumb Code   558  nrfx_twim.o(i.twim_xfer)
    i.tx_byte                                0x0000298c   Section        0  nrfx_uart.o(i.tx_byte)
    tx_byte                                  0x0000298d   Thumb Code    32  nrfx_uart.o(i.tx_byte)
    i.tx_done_event                          0x000029ac   Section        0  nrfx_uart.o(i.tx_done_event)
    tx_done_event                            0x000029ad   Thumb Code    26  nrfx_uart.o(i.tx_done_event)
    i.uart_evt_handler                       0x000029c8   Section        0  nrf_drv_uart.o(i.uart_evt_handler)
    uart_evt_handler                         0x000029c9   Thumb Code    42  nrf_drv_uart.o(i.uart_evt_handler)
    i.uart_evt_handler                       0x000029f8   Section        0  nrf_log_backend_uart.o(i.uart_evt_handler)
    uart_evt_handler                         0x000029f9   Thumb Code     8  nrf_log_backend_uart.o(i.uart_evt_handler)
    i.uart_init                              0x00002a04   Section        0  nrf_log_backend_uart.o(i.uart_init)
    uart_init                                0x00002a05   Thumb Code    66  nrf_log_backend_uart.o(i.uart_init)
    i.uart_irq_handler                       0x00002a54   Section        0  nrfx_uart.o(i.uart_irq_handler)
    uart_irq_handler                         0x00002a55   Thumb Code   296  nrfx_uart.o(i.uart_irq_handler)
    i.uarte_evt_handler                      0x00002b7c   Section        0  nrf_drv_uart.o(i.uarte_evt_handler)
    uarte_evt_handler                        0x00002b7d   Thumb Code    42  nrf_drv_uart.o(i.uarte_evt_handler)
    i.uarte_irq_handler                      0x00002bac   Section        0  nrfx_uarte.o(i.uarte_irq_handler)
    uarte_irq_handler                        0x00002bad   Thumb Code   244  nrfx_uarte.o(i.uarte_irq_handler)
    i.unsigned_print                         0x00002ca0   Section        0  nrf_fprintf_format.o(i.unsigned_print)
    unsigned_print                           0x00002ca1   Thumb Code   176  nrf_fprintf_format.o(i.unsigned_print)
    .constdata                               0x00002d54   Section       48  main.o(.constdata)
    .constdata                               0x00002d90   Section        6  nrf_drv_twi.o(.constdata)
    delay_bytecode                           0x00002d90   Data           6  nrf_drv_twi.o(.constdata)
    .constdata                               0x00002d98   Section       28  nrfx_twim.o(.constdata)
    irq_handlers                             0x00002d98   Data           8  nrfx_twim.o(.constdata)
    .constdata                               0x00002db4   Section        4  nrfx_uart.o(.constdata)
    irq_handlers                             0x00002db4   Data           4  nrfx_uart.o(.constdata)
    .constdata                               0x00002db8   Section        4  nrfx_uarte.o(.constdata)
    irq_handlers                             0x00002db8   Data           4  nrfx_uarte.o(.constdata)
    .constdata                               0x00002dbc   Section       16  nrf_fprintf_format.o(.constdata)
    _aV2C                                    0x00002dbc   Data          16  nrf_fprintf_format.o(.constdata)
    .constdata                               0x00002dcc   Section       12  nrf_log_backend_uart.o(.constdata)
    .constdata                               0x00002dd8   Section       32  nrf_log_backend_uart.o(.constdata)
    .constdata                               0x00002df8   Section      129  ctype_o.o(.constdata)
    .constdata                               0x00002e7c   Section        4  ctype_o.o(.constdata)
    table                                    0x00002e7c   Data           4  ctype_o.o(.constdata)
    .conststring                             0x00002e80   Section      102  nrf_log_str_formatter.o(.conststring)
    .conststrlit                             0x00002ee8   Section        4  nrfx_prs.o(.conststrlit)
    .conststrlit                             0x00002eec   Section        5  nrfx_twim.o(.conststrlit)
    .conststrlit                             0x00002ef4   Section        5  nrfx_uart.o(.conststrlit)
    .conststrlit                             0x00002efc   Section        6  nrfx_uarte.o(.conststrlit)
    .conststrlit                             0x00002f04   Section        6  nrfx_timer.o(.conststrlit)
    .conststrlit                             0x00002f0c   Section       24  nrf_log_frontend.o(.conststrlit)
    log_const_data                           0x00002f44   Section        8  nrfx_prs.o(log_const_data)
    __tagsym$$used                           0x00002f44   Number         0  nrfx_prs.o(log_const_data)
    log_const_data                           0x00002f4c   Section        8  nrfx_twim.o(log_const_data)
    __tagsym$$used                           0x00002f4c   Number         0  nrfx_twim.o(log_const_data)
    log_const_data                           0x00002f54   Section        8  nrfx_uart.o(log_const_data)
    __tagsym$$used                           0x00002f54   Number         0  nrfx_uart.o(log_const_data)
    log_const_data                           0x00002f5c   Section        8  nrfx_uarte.o(log_const_data)
    __tagsym$$used                           0x00002f5c   Number         0  nrfx_uarte.o(log_const_data)
    log_const_data                           0x00002f64   Section        8  nrfx_timer.o(log_const_data)
    __tagsym$$used                           0x00002f64   Number         0  nrfx_timer.o(log_const_data)
    log_const_data                           0x00002f6c   Section       16  nrf_log_frontend.o(log_const_data)
    __tagsym$$used                           0x00002f6c   Number         0  nrf_log_frontend.o(log_const_data)
    __tagsym$$used                           0x00002f74   Number         0  nrf_log_frontend.o(log_const_data)
    nrf_balloc                               0x00002f7c   Section       24  nrf_log_frontend.o(nrf_balloc)
    __tagsym$$used                           0x00002f7c   Number         0  nrf_log_frontend.o(nrf_balloc)
    .data                                    0x20000000   Section       16  nrf_drv_twi.o(.data)
    m_handlers                               0x20000000   Data           8  nrf_drv_twi.o(.data)
    m_contexts                               0x20000008   Data           8  nrf_drv_twi.o(.data)
    .data                                    0x20000010   Section       12  nrf_drv_uart.o(.data)
    m_handlers                               0x20000014   Data           4  nrf_drv_uart.o(.data)
    m_contexts                               0x20000018   Data           4  nrf_drv_uart.o(.data)
    .data                                    0x2000001c   Section        8  nrfx_prs.o(.data)
    m_prs_box_4                              0x2000001c   Data           8  nrfx_prs.o(.data)
    .data                                    0x20000024   Section        4  app_util_platform.o(.data)
    m_in_critical_region                     0x20000024   Data           4  app_util_platform.o(.data)
    .data                                    0x20000028   Section       24  nrf_log_backend_uart.o(.data)
    m_xfer_done                              0x20000028   Data           1  nrf_log_backend_uart.o(.data)
    m_async_mode                             0x20000029   Data           1  nrf_log_backend_uart.o(.data)
    .data                                    0x20000040   Section       12  nrf_log_default_backends.o(.data)
    uart_log_backend                         0x20000040   Data          12  nrf_log_default_backends.o(.data)
    .data                                    0x2000004c   Section        8  nrf_log_frontend.o(.data)
    log_mempool_nrf_balloc_pool_stack        0x2000004c   Data           8  nrf_log_frontend.o(.data)
    .data                                    0x20000054   Section        8  nrf_log_frontend.o(.data)
    log_mempool_nrf_balloc_cb                0x20000054   Data           8  nrf_log_frontend.o(.data)
    .data                                    0x2000005c   Section       64  nrf_log_str_formatter.o(.data)
    m_freq                                   0x2000005c   Data           4  nrf_log_str_formatter.o(.data)
    m_timestamp_div                          0x20000060   Data           4  nrf_log_str_formatter.o(.data)
    severity_names                           0x20000064   Data          20  nrf_log_str_formatter.o(.data)
    m_colors                                 0x20000078   Data          36  nrf_log_str_formatter.o(.data)
    .data                                    0x2000009c   Section        4  system_nrf52.o(.data)
    __tagsym$$used                           0x2000009c   Number         0  system_nrf52.o(.data)
    log_dynamic_data                         0x200000a0   Section        4  nrfx_prs.o(log_dynamic_data)
    __tagsym$$used                           0x200000a0   Number         0  nrfx_prs.o(log_dynamic_data)
    log_dynamic_data                         0x200000a4   Section        4  nrfx_twim.o(log_dynamic_data)
    __tagsym$$used                           0x200000a4   Number         0  nrfx_twim.o(log_dynamic_data)
    log_dynamic_data                         0x200000a8   Section        4  nrfx_uart.o(log_dynamic_data)
    __tagsym$$used                           0x200000a8   Number         0  nrfx_uart.o(log_dynamic_data)
    log_dynamic_data                         0x200000ac   Section        4  nrfx_uarte.o(log_dynamic_data)
    __tagsym$$used                           0x200000ac   Number         0  nrfx_uarte.o(log_dynamic_data)
    log_dynamic_data                         0x200000b0   Section        4  nrfx_timer.o(log_dynamic_data)
    __tagsym$$used                           0x200000b0   Number         0  nrfx_timer.o(log_dynamic_data)
    log_dynamic_data                         0x200000b4   Section        8  nrf_log_frontend.o(log_dynamic_data)
    __tagsym$$used                           0x200000b4   Number         0  nrf_log_frontend.o(log_dynamic_data)
    __tagsym$$used                           0x200000b8   Number         0  nrf_log_frontend.o(log_dynamic_data)
    .bss                                     0x200000bc   Section      104  nrfx_twim.o(.bss)
    m_cb                                     0x200000bc   Data         104  nrfx_twim.o(.bss)
    .bss                                     0x20000124   Section       44  nrfx_uart.o(.bss)
    m_cb                                     0x20000124   Data          44  nrfx_uart.o(.bss)
    .bss                                     0x20000150   Section       36  nrfx_uarte.o(.bss)
    m_cb                                     0x20000150   Data          36  nrfx_uarte.o(.bss)
    .bss                                     0x20000174   Section       12  nrfx_timer.o(.bss)
    m_cb                                     0x20000174   Data          12  nrfx_timer.o(.bss)
    .bss                                     0x20000180   Section       64  nrf_log_backend_uart.o(.bss)
    m_string_buff                            0x20000180   Data          64  nrf_log_backend_uart.o(.bss)
    .bss                                     0x200001c0   Section      192  nrf_log_frontend.o(.bss)
    log_mempool_nrf_balloc_pool_mem          0x200001c0   Data         192  nrf_log_frontend.o(.bss)
    .bss                                     0x20000280   Section     1060  nrf_log_frontend.o(.bss)
    m_log_data                               0x20000280   Data        1060  nrf_log_frontend.o(.bss)
    STACK                                    0x200006a8   Section     8192  arm_startup_nrf52.o(STACK)

    Global Symbols

    Symbol Name                              Value     Ov Type        Size  Object(Section)

    BuildAttributes$$THM_ISAv4$E$P$D$K$B$S$7EM$VFPi3$EXTD16$VFPS$VFMA$PE$A:L22UL41UL21$X:L11$S22US41US21$IEEE1$IW$USESV6$~STKCKD$USESV7$~SHL$OSPACE$EBA8$MICROLIB$REQ8$EABIv2 0x00000000   Number         0  anon$$obj.o ABSOLUTE
    __ARM_use_no_argv                        0x00000000   Number         0  main.o ABSOLUTE
    __Vectors                                0x00000000   Data           4  arm_startup_nrf52.o(RESET)
    __use_no_errno                           0x00000000   Number         0  useno.o ABSOLUTE
    __use_no_exception_handling              0x00000000   Number         0  useno.o ABSOLUTE
    __use_no_fp                              0x00000000   Number         0  useno.o ABSOLUTE
    __use_no_heap                            0x00000000   Number         0  useno.o ABSOLUTE
    __use_no_heap_region                     0x00000000   Number         0  useno.o ABSOLUTE
    __use_no_semihosting                     0x00000000   Number         0  useno.o ABSOLUTE
    __use_no_semihosting_swi                 0x00000000   Number         0  useno.o ABSOLUTE
    __use_no_signal_handling                 0x00000000   Number         0  useno.o ABSOLUTE
    __cpp_initialize__aeabi_                  - Undefined Weak Reference
    __cxa_finalize                            - Undefined Weak Reference
    __decompress                              - Undefined Weak Reference
    _clock_init                               - Undefined Weak Reference
    _microlib_exit                            - Undefined Weak Reference
    __Vectors_End                            0x00000200   Data           0  arm_startup_nrf52.o(RESET)
    __Vectors_Size                           0x00000200   Number         0  arm_startup_nrf52.o ABSOLUTE
    __main                                   0x00000201   Thumb Code     0  entry.o(.ARM.Collect$$$$00000000)
    _main_stk                                0x00000201   Thumb Code     0  entry2.o(.ARM.Collect$$$$00000001)
    _main_scatterload                        0x00000205   Thumb Code     0  entry5.o(.ARM.Collect$$$$00000004)
    __main_after_scatterload                 0x00000209   Thumb Code     0  entry5.o(.ARM.Collect$$$$00000004)
    _main_clock                              0x00000209   Thumb Code     0  entry7b.o(.ARM.Collect$$$$00000008)
    _main_cpp_init                           0x00000209   Thumb Code     0  entry8b.o(.ARM.Collect$$$$0000000A)
    _main_init                               0x00000209   Thumb Code     0  entry9a.o(.ARM.Collect$$$$0000000B)
    __rt_final_cpp                           0x00000211   Thumb Code     0  entry10a.o(.ARM.Collect$$$$0000000D)
    __rt_final_exit                          0x00000211   Thumb Code     0  entry11a.o(.ARM.Collect$$$$0000000F)
    __asm___12_nrf_atomic_c_85ca2469__nrf_atomic_internal_mov 0x00000215   Thumb Code    24  nrf_atomic.o(.emb_text)
    __asm___12_nrf_atomic_c_85ca2469__nrf_atomic_internal_orr 0x0000022d   Thumb Code    26  nrf_atomic.o(.emb_text)
    __asm___12_nrf_atomic_c_85ca2469__nrf_atomic_internal_and 0x00000247   Thumb Code    26  nrf_atomic.o(.emb_text)
    __asm___12_nrf_atomic_c_85ca2469__nrf_atomic_internal_eor 0x00000261   Thumb Code    26  nrf_atomic.o(.emb_text)
    __asm___12_nrf_atomic_c_85ca2469__nrf_atomic_internal_add 0x0000027b   Thumb Code    26  nrf_atomic.o(.emb_text)
    __asm___12_nrf_atomic_c_85ca2469__nrf_atomic_internal_sub 0x00000295   Thumb Code    26  nrf_atomic.o(.emb_text)
    __asm___12_nrf_atomic_c_85ca2469__nrf_atomic_internal_cmp_exch 0x000002af   Thumb Code    42  nrf_atomic.o(.emb_text)
    __asm___12_nrf_atomic_c_85ca2469__nrf_atomic_internal_sub_hs 0x000002d9   Thumb Code    30  nrf_atomic.o(.emb_text)
    Reset_Handler                            0x000002f9   Thumb Code     8  arm_startup_nrf52.o(.text)
    NMI_Handler                              0x00000301   Thumb Code     2  arm_startup_nrf52.o(.text)
    HardFault_Handler                        0x00000303   Thumb Code     2  arm_startup_nrf52.o(.text)
    MemoryManagement_Handler                 0x00000305   Thumb Code     2  arm_startup_nrf52.o(.text)
    BusFault_Handler                         0x00000307   Thumb Code     2  arm_startup_nrf52.o(.text)
    UsageFault_Handler                       0x00000309   Thumb Code     2  arm_startup_nrf52.o(.text)
    SVC_Handler                              0x0000030b   Thumb Code     2  arm_startup_nrf52.o(.text)
    DebugMon_Handler                         0x0000030d   Thumb Code     2  arm_startup_nrf52.o(.text)
    PendSV_Handler                           0x0000030f   Thumb Code     2  arm_startup_nrf52.o(.text)
    SysTick_Handler                          0x00000311   Thumb Code     2  arm_startup_nrf52.o(.text)
    CCM_AAR_IRQHandler                       0x00000313   Thumb Code     0  arm_startup_nrf52.o(.text)
    COMP_LPCOMP_IRQHandler                   0x00000313   Thumb Code     0  arm_startup_nrf52.o(.text)
    ECB_IRQHandler                           0x00000313   Thumb Code     0  arm_startup_nrf52.o(.text)
    FPU_IRQHandler                           0x00000313   Thumb Code     0  arm_startup_nrf52.o(.text)
    GPIOTE_IRQHandler                        0x00000313   Thumb Code     0  arm_startup_nrf52.o(.text)
    I2S_IRQHandler                           0x00000313   Thumb Code     0  arm_startup_nrf52.o(.text)
    MWU_IRQHandler                           0x00000313   Thumb Code     0  arm_startup_nrf52.o(.text)
    NFCT_IRQHandler                          0x00000313   Thumb Code     0  arm_startup_nrf52.o(.text)
    PDM_IRQHandler                           0x00000313   Thumb Code     0  arm_startup_nrf52.o(.text)
    POWER_CLOCK_IRQHandler                   0x00000313   Thumb Code     0  arm_startup_nrf52.o(.text)
    PWM0_IRQHandler                          0x00000313   Thumb Code     0  arm_startup_nrf52.o(.text)
    PWM1_IRQHandler                          0x00000313   Thumb Code     0  arm_startup_nrf52.o(.text)
    PWM2_IRQHandler                          0x00000313   Thumb Code     0  arm_startup_nrf52.o(.text)
    QDEC_IRQHandler                          0x00000313   Thumb Code     0  arm_startup_nrf52.o(.text)
    RADIO_IRQHandler                         0x00000313   Thumb Code     0  arm_startup_nrf52.o(.text)
    RNG_IRQHandler                           0x00000313   Thumb Code     0  arm_startup_nrf52.o(.text)
    RTC0_IRQHandler                          0x00000313   Thumb Code     0  arm_startup_nrf52.o(.text)
    RTC1_IRQHandler                          0x00000313   Thumb Code     0  arm_startup_nrf52.o(.text)
    RTC2_IRQHandler                          0x00000313   Thumb Code     0  arm_startup_nrf52.o(.text)
    SAADC_IRQHandler                         0x00000313   Thumb Code     0  arm_startup_nrf52.o(.text)
    SPIM2_SPIS2_SPI2_IRQHandler              0x00000313   Thumb Code     0  arm_startup_nrf52.o(.text)
    SWI0_EGU0_IRQHandler                     0x00000313   Thumb Code     0  arm_startup_nrf52.o(.text)
    SWI1_EGU1_IRQHandler                     0x00000313   Thumb Code     0  arm_startup_nrf52.o(.text)
    SWI2_EGU2_IRQHandler                     0x00000313   Thumb Code     0  arm_startup_nrf52.o(.text)
    SWI3_EGU3_IRQHandler                     0x00000313   Thumb Code     0  arm_startup_nrf52.o(.text)
    SWI4_EGU4_IRQHandler                     0x00000313   Thumb Code     0  arm_startup_nrf52.o(.text)
    SWI5_EGU5_IRQHandler                     0x00000313   Thumb Code     0  arm_startup_nrf52.o(.text)
    TEMP_IRQHandler                          0x00000313   Thumb Code     0  arm_startup_nrf52.o(.text)
    TIMER1_IRQHandler                        0x00000313   Thumb Code     0  arm_startup_nrf52.o(.text)
    TIMER2_IRQHandler                        0x00000313   Thumb Code     0  arm_startup_nrf52.o(.text)
    TIMER3_IRQHandler                        0x00000313   Thumb Code     0  arm_startup_nrf52.o(.text)
    TIMER4_IRQHandler                        0x00000313   Thumb Code     0  arm_startup_nrf52.o(.text)
    WDT_IRQHandler                           0x00000313   Thumb Code     0  arm_startup_nrf52.o(.text)
    __rt_ctype_table                         0x0000031d   Thumb Code     4  ctype_o.o(.text)
    __aeabi_memcpy                           0x00000325   Thumb Code    36  memcpya.o(.text)
    __aeabi_memcpy4                          0x00000325   Thumb Code     0  memcpya.o(.text)
    __aeabi_memcpy8                          0x00000325   Thumb Code     0  memcpya.o(.text)
    __aeabi_memset                           0x00000349   Thumb Code    14  memseta.o(.text)
    __aeabi_memset4                          0x00000349   Thumb Code     0  memseta.o(.text)
    __aeabi_memset8                          0x00000349   Thumb Code     0  memseta.o(.text)
    __aeabi_memclr                           0x00000357   Thumb Code     4  memseta.o(.text)
    __aeabi_memclr4                          0x00000357   Thumb Code     0  memseta.o(.text)
    __aeabi_memclr8                          0x00000357   Thumb Code     0  memseta.o(.text)
    _memset$wrapper                          0x0000035b   Thumb Code    18  memseta.o(.text)
    strlen                                   0x0000036d   Thumb Code    14  strlen.o(.text)
    __scatterload                            0x0000037d   Thumb Code    28  init.o(.text)
    __scatterload_rt2                        0x0000037d   Thumb Code     0  init.o(.text)
    ADXL345_I2C_acc_data_read                0x000003a1   Thumb Code    40  adxl.o(i.ADXL345_I2C_acc_data_read)
    ADXL345_I2C_data_rate_set                0x000003c9   Thumb Code    72  adxl.o(i.ADXL345_I2C_data_rate_set)
    ADXL345_I2C_init                         0x00000455   Thumb Code    20  adxl.o(i.ADXL345_I2C_init)
    ADXL345_I2C_offsets_set                  0x0000046d   Thumb Code   106  adxl.o(i.ADXL345_I2C_offsets_set)
    ADXL345_I2C_register_read                0x0000051d   Thumb Code    58  adxl.o(i.ADXL345_I2C_register_read)
    ADXL345_I2C_register_write               0x0000055d   Thumb Code    32  adxl.o(i.ADXL345_I2C_register_write)
    SPIM0_SPIS0_TWIM0_TWIS0_SPI0_TWI0_IRQHandler 0x00000581   Thumb Code     8  nrfx_twim.o(i.SPIM0_SPIS0_TWIM0_TWIS0_SPI0_TWI0_IRQHandler)
    SPIM1_SPIS1_TWIM1_TWIS1_SPI1_TWI1_IRQHandler 0x00000591   Thumb Code    10  nrfx_twim.o(i.SPIM1_SPIS1_TWIM1_TWIS1_SPI1_TWI1_IRQHandler)
    SystemInit                               0x000005a1   Thumb Code   726  system_nrf52.o(i.SystemInit)
    TIMER0_IRQHandler                        0x000008bd   Thumb Code    70  nrfx_timer.o(i.TIMER0_IRQHandler)
    UARTE0_UART0_IRQHandler                  0x0000090d   Thumb Code     6  nrfx_prs.o(i.UARTE0_UART0_IRQHandler)
    __scatterload_copy                       0x00000919   Thumb Code    14  handlers.o(i.__scatterload_copy)
    __scatterload_null                       0x00000927   Thumb Code     2  handlers.o(i.__scatterload_null)
    __scatterload_zeroinit                   0x00000929   Thumb Code    14  handlers.o(i.__scatterload_zeroinit)
    app_error_fault_handler                  0x00000939   Thumb Code    84  app_error_weak.o(i.app_error_fault_handler)
    app_error_handler_bare                   0x000009b5   Thumb Code    22  app_error.o(i.app_error_handler_bare)
    app_util_critical_region_enter           0x000009cb   Thumb Code     4  app_util_platform.o(i.app_util_critical_region_enter)
    app_util_critical_region_exit            0x000009cf   Thumb Code     4  app_util_platform.o(i.app_util_critical_region_exit)
    app_util_disable_irq                     0x000009d5   Thumb Code    12  app_util_platform.o(i.app_util_disable_irq)
    app_util_enable_irq                      0x000009e5   Thumb Code    14  app_util_platform.o(i.app_util_enable_irq)
    buffer_is_empty                          0x00000bb1   Thumb Code    16  nrf_log_frontend.o(i.buffer_is_empty)
    main                                     0x00000de9   Thumb Code    70  main.o(i.main)
    nrf_atomic_flag_clear_fetch              0x00000ef9   Thumb Code     6  nrf_atomic.o(i.nrf_atomic_flag_clear_fetch)
    nrf_atomic_flag_set                      0x00000eff   Thumb Code     6  nrf_atomic.o(i.nrf_atomic_flag_set)
    nrf_atomic_u32_add                       0x00000f05   Thumb Code    12  nrf_atomic.o(i.nrf_atomic_u32_add)
    nrf_atomic_u32_fetch_and                 0x00000f11   Thumb Code    10  nrf_atomic.o(i.nrf_atomic_u32_fetch_and)
    nrf_atomic_u32_fetch_store               0x00000f1b   Thumb Code    10  nrf_atomic.o(i.nrf_atomic_u32_fetch_store)
    nrf_atomic_u32_or                        0x00000f25   Thumb Code    12  nrf_atomic.o(i.nrf_atomic_u32_or)
    nrf_atomic_u32_sub                       0x00000f31   Thumb Code    12  nrf_atomic.o(i.nrf_atomic_u32_sub)
    nrf_balloc_alloc                         0x00000f3d   Thumb Code    62  nrf_balloc.o(i.nrf_balloc_alloc)
    nrf_balloc_free                          0x00000f7b   Thumb Code    42  nrf_balloc.o(i.nrf_balloc_free)
    nrf_balloc_init                          0x00000fa5   Thumb Code    48  nrf_balloc.o(i.nrf_balloc_init)
    nrf_drv_twi_init                         0x00000fd5   Thumb Code    56  nrf_drv_twi.o(i.nrf_drv_twi_init)
    nrf_drv_uart_init                        0x00001025   Thumb Code    90  nrf_drv_uart.o(i.nrf_drv_uart_init)
    nrf_fprintf                              0x0000108d   Thumb Code    26  nrf_fprintf.o(i.nrf_fprintf)
    nrf_fprintf_buffer_flush                 0x000010a7   Thumb Code    24  nrf_fprintf.o(i.nrf_fprintf_buffer_flush)
    nrf_fprintf_fmt                          0x000010bf   Thumb Code   474  nrf_fprintf_format.o(i.nrf_fprintf_fmt)
    nrf_log_backend_add                      0x00001385   Thumb Code    74  nrf_log_frontend.o(i.nrf_log_backend_add)
    nrf_log_backend_serial_put               0x000013d5   Thumb Code   200  nrf_log_backend_serial.o(i.nrf_log_backend_serial_put)
    nrf_log_backend_uart_init                0x0000149f   Thumb Code     6  nrf_log_backend_uart.o(i.nrf_log_backend_uart_init)
    nrf_log_color_id_get                     0x000014e9   Thumb Code    42  nrf_log_frontend.o(i.nrf_log_color_id_get)
    nrf_log_default_backends_init            0x00001519   Thumb Code    22  nrf_log_default_backends.o(i.nrf_log_default_backends_init)
    nrf_log_frontend_dequeue                 0x00001535   Thumb Code   502  nrf_log_frontend.o(i.nrf_log_frontend_dequeue)
    nrf_log_frontend_std_0                   0x0000174d   Thumb Code     8  nrf_log_frontend.o(i.nrf_log_frontend_std_0)
    nrf_log_frontend_std_1                   0x00001755   Thumb Code    14  nrf_log_frontend.o(i.nrf_log_frontend_std_1)
    nrf_log_frontend_std_3                   0x00001763   Thumb Code    18  nrf_log_frontend.o(i.nrf_log_frontend_std_3)
    nrf_log_hexdump_entry_process            0x00001775   Thumb Code   146  nrf_log_str_formatter.o(i.nrf_log_hexdump_entry_process)
    nrf_log_init                             0x00001821   Thumb Code    66  nrf_log_frontend.o(i.nrf_log_init)
    nrf_log_module_cnt_get                   0x00001879   Thumb Code    10  nrf_log_frontend.o(i.nrf_log_module_cnt_get)
    nrf_log_module_name_get                  0x0000188d   Thumb Code    24  nrf_log_frontend.o(i.nrf_log_module_name_get)
    nrf_log_panic                            0x000018a9   Thumb Code    34  nrf_log_frontend.o(i.nrf_log_panic)
    nrf_log_std_entry_process                0x000018d1   Thumb Code   182  nrf_log_str_formatter.o(i.nrf_log_std_entry_process)
    nrf_memobj_alloc                         0x00001987   Thumb Code    96  nrf_memobj.o(i.nrf_memobj_alloc)
    nrf_memobj_free                          0x000019e7   Thumb Code    50  nrf_memobj.o(i.nrf_memobj_free)
    nrf_memobj_get                           0x00001a19   Thumb Code     8  nrf_memobj.o(i.nrf_memobj_get)
    nrf_memobj_pool_init                     0x00001a21   Thumb Code     4  nrf_memobj.o(i.nrf_memobj_pool_init)
    nrf_memobj_put                           0x00001a25   Thumb Code    30  nrf_memobj.o(i.nrf_memobj_put)
    nrf_memobj_read                          0x00001a43   Thumb Code    12  nrf_memobj.o(i.nrf_memobj_read)
    nrf_memobj_write                         0x00001a4f   Thumb Code    12  nrf_memobj.o(i.nrf_memobj_write)
    nrfx_prs_acquire                         0x00001ae5   Thumb Code    48  nrfx_prs.o(i.nrfx_prs_acquire)
    nrfx_prs_release                         0x00001b15   Thumb Code    18  nrfx_prs.o(i.nrfx_prs_release)
    nrfx_timer_compare                       0x00001b27   Thumb Code    58  nrfx_timer.o(i.nrfx_timer_compare)
    nrfx_timer_enable                        0x00001b61   Thumb Code    24  nrfx_timer.o(i.nrfx_timer_enable)
    nrfx_timer_extended_compare              0x00001b7d   Thumb Code    42  nrfx_timer.o(i.nrfx_timer_extended_compare)
    nrfx_timer_init                          0x00001ba9   Thumb Code   188  nrfx_timer.o(i.nrfx_timer_init)
    nrfx_twim_enable                         0x00001c69   Thumb Code    32  nrfx_twim.o(i.nrfx_twim_enable)
    nrfx_twim_init                           0x00001c8d   Thumb Code   218  nrfx_twim.o(i.nrfx_twim_init)
    nrfx_twim_rx                             0x00001d71   Thumb Code    44  nrfx_twim.o(i.nrfx_twim_rx)
    nrfx_twim_tx                             0x00001da1   Thumb Code    54  nrfx_twim.o(i.nrfx_twim_tx)
    nrfx_twim_xfer                           0x00001dd9   Thumb Code    34  nrfx_twim.o(i.nrfx_twim_xfer)
    nrfx_uart_0_irq_handler                  0x00001e01   Thumb Code     8  nrfx_uart.o(i.nrfx_uart_0_irq_handler)
    nrfx_uart_init                           0x00001e11   Thumb Code   200  nrfx_uart.o(i.nrfx_uart_init)
    nrfx_uart_tx                             0x00001ee5   Thumb Code   160  nrfx_uart.o(i.nrfx_uart_tx)
    nrfx_uart_tx_in_progress                 0x00001f89   Thumb Code    26  nrfx_uart.o(i.nrfx_uart_tx_in_progress)
    nrfx_uart_uninit                         0x00001fa9   Thumb Code   170  nrfx_uart.o(i.nrfx_uart_uninit)
    nrfx_uarte_0_irq_handler                 0x0000205d   Thumb Code     8  nrfx_uarte.o(i.nrfx_uarte_0_irq_handler)
    nrfx_uarte_init                          0x0000206d   Thumb Code   100  nrfx_uarte.o(i.nrfx_uarte_init)
    nrfx_uarte_tx                            0x000020d9   Thumb Code   138  nrfx_uarte.o(i.nrfx_uarte_tx)
    nrfx_uarte_tx_in_progress                0x00002169   Thumb Code    22  nrfx_uarte.o(i.nrfx_uarte_tx_in_progress)
    nrfx_uarte_uninit                        0x00002185   Thumb Code   166  nrfx_uarte.o(i.nrfx_uarte_uninit)
    timer_adxl_event_handler                 0x0000244d   Thumb Code    50  main.o(i.timer_adxl_event_handler)
    timer_init                               0x000024a5   Thumb Code    62  main.o(i.timer_init)
    twi_init                                 0x0000259d   Thumb Code    40  main.o(i.twi_init)
    TIMER_ADXL                               0x00002d54   Data           8  main.o(.constdata)
    m_twi                                    0x00002d64   Data          16  main.o(.constdata)
    nrf_log_backend_uart_api                 0x00002dcc   Data          12  nrf_log_backend_uart.o(.constdata)
    __ctype_table                            0x00002df8   Data         129  ctype_o.o(.constdata)
    Region$$Table$$Base                      0x00002f24   Number         0  anon$$obj.o(Region$$Table)
    Region$$Table$$Limit                     0x00002f44   Number         0  anon$$obj.o(Region$$Table)
    log_const_data$$Base                     0x00002f44   Number         0  nrfx_prs.o(log_const_data)
    m_nrf_log_PRS_logs_data_const            0x00002f44   Data           8  nrfx_prs.o(log_const_data)
    m_nrf_log_TWIM_logs_data_const           0x00002f4c   Data           8  nrfx_twim.o(log_const_data)
    m_nrf_log_UART_logs_data_const           0x00002f54   Data           8  nrfx_uart.o(log_const_data)
    m_nrf_log_UARTE_logs_data_const          0x00002f5c   Data           8  nrfx_uarte.o(log_const_data)
    m_nrf_log_TIMER_logs_data_const          0x00002f64   Data           8  nrfx_timer.o(log_const_data)
    m_nrf_log_balloc_log_mempool_logs_data_const 0x00002f6c   Data           8  nrf_log_frontend.o(log_const_data)
    m_nrf_log_app_logs_data_const            0x00002f74   Data           8  nrf_log_frontend.o(log_const_data)
    log_const_data$$Limit                    0x00002f7c   Number         0  nrf_log_frontend.o(log_const_data)
    log_mempool                              0x00002f7c   Data          24  nrf_log_frontend.o(nrf_balloc)
    nrf_drv_uart_use_easy_dma                0x20000010   Data           1  nrf_drv_uart.o(.data)
    m_uart                                   0x2000002c   Data          20  nrf_log_backend_uart.o(.data)
    SystemCoreClock                          0x2000009c   Data           4  system_nrf52.o(.data)
    log_dynamic_data$$Base                   0x200000a0   Number         0  nrfx_prs.o(log_dynamic_data)
    m_nrf_log_PRS_logs_data_dynamic          0x200000a0   Data           4  nrfx_prs.o(log_dynamic_data)
    m_nrf_log_TWIM_logs_data_dynamic         0x200000a4   Data           4  nrfx_twim.o(log_dynamic_data)
    m_nrf_log_UART_logs_data_dynamic         0x200000a8   Data           4  nrfx_uart.o(log_dynamic_data)
    m_nrf_log_UARTE_logs_data_dynamic        0x200000ac   Data           4  nrfx_uarte.o(log_dynamic_data)
    m_nrf_log_TIMER_logs_data_dynamic        0x200000b0   Data           4  nrfx_timer.o(log_dynamic_data)
    m_nrf_log_balloc_log_mempool_logs_data_dynamic 0x200000b4   Data           4  nrf_log_frontend.o(log_dynamic_data)
    m_nrf_log_app_logs_data_dynamic          0x200000b8   Data           4  nrf_log_frontend.o(log_dynamic_data)
    __initial_sp                             0x200026a8   Data           0  arm_startup_nrf52.o(STACK)



==============================================================================

Memory Map of the image

  Image Entry point : 0x00000201

  Load Region LR_IROM1 (Base: 0x00000000, Size: 0x00003050, Max: 0x00080000, ABSOLUTE)

    Execution Region ER_IROM1 (Exec base: 0x00000000, Load base: 0x00000000, Size: 0x00002f94, Max: 0x00080000, ABSOLUTE)

    Exec Addr    Load Addr    Size         Type   Attr      Idx    E Section Name        Object

    0x00000000   0x00000000   0x00000200   Data   RO         2654    RESET               arm_startup_nrf52.o
    0x00000200   0x00000200   0x00000000   Code   RO         2695  * .ARM.Collect$$$$00000000  mc_w.l(entry.o)
    0x00000200   0x00000200   0x00000004   Code   RO         2743    .ARM.Collect$$$$00000001  mc_w.l(entry2.o)
    0x00000204   0x00000204   0x00000004   Code   RO         2746    .ARM.Collect$$$$00000004  mc_w.l(entry5.o)
    0x00000208   0x00000208   0x00000000   Code   RO         2748    .ARM.Collect$$$$00000008  mc_w.l(entry7b.o)
    0x00000208   0x00000208   0x00000000   Code   RO         2750    .ARM.Collect$$$$0000000A  mc_w.l(entry8b.o)
    0x00000208   0x00000208   0x00000008   Code   RO         2751    .ARM.Collect$$$$0000000B  mc_w.l(entry9a.o)
    0x00000210   0x00000210   0x00000000   Code   RO         2753    .ARM.Collect$$$$0000000D  mc_w.l(entry10a.o)
    0x00000210   0x00000210   0x00000000   Code   RO         2755    .ARM.Collect$$$$0000000F  mc_w.l(entry11a.o)
    0x00000210   0x00000210   0x00000004   Code   RO         2744    .ARM.Collect$$$$00002712  mc_w.l(entry2.o)
    0x00000214   0x00000214   0x000000e2   Code   RO         1516    .emb_text           nrf_atomic.o
    0x000002f6   0x000002f6   0x00000002   PAD
    0x000002f8   0x000002f8   0x00000024   Code   RO         2655    .text               arm_startup_nrf52.o
    0x0000031c   0x0000031c   0x00000008   Code   RO         2703    .text               mc_w.l(ctype_o.o)
    0x00000324   0x00000324   0x00000024   Code   RO         2731    .text               mc_w.l(memcpya.o)
    0x00000348   0x00000348   0x00000024   Code   RO         2733    .text               mc_w.l(memseta.o)
    0x0000036c   0x0000036c   0x0000000e   Code   RO         2735    .text               mc_w.l(strlen.o)
    0x0000037a   0x0000037a   0x00000002   PAD
    0x0000037c   0x0000037c   0x00000024   Code   RO         2759    .text               mc_w.l(init.o)
    0x000003a0   0x000003a0   0x00000028   Code   RO          258    i.ADXL345_I2C_acc_data_read  adxl.o
    0x000003c8   0x000003c8   0x0000008c   Code   RO          259    i.ADXL345_I2C_data_rate_set  adxl.o
    0x00000454   0x00000454   0x00000018   Code   RO          260    i.ADXL345_I2C_init  adxl.o
    0x0000046c   0x0000046c   0x000000b0   Code   RO          261    i.ADXL345_I2C_offsets_set  adxl.o
    0x0000051c   0x0000051c   0x00000040   Code   RO          262    i.ADXL345_I2C_register_read  adxl.o
    0x0000055c   0x0000055c   0x00000024   Code   RO          263    i.ADXL345_I2C_register_write  adxl.o
    0x00000580   0x00000580   0x00000010   Code   RO          708    i.SPIM0_SPIS0_TWIM0_TWIS0_SPI0_TWI0_IRQHandler  nrfx_twim.o
    0x00000590   0x00000590   0x00000010   Code   RO          709    i.SPIM1_SPIS1_TWIM1_TWIS1_SPI1_TWI1_IRQHandler  nrfx_twim.o
    0x000005a0   0x000005a0   0x0000031c   Code   RO         2663    i.SystemInit        system_nrf52.o
    0x000008bc   0x000008bc   0x00000050   Code   RO         1195    i.TIMER0_IRQHandler  nrfx_timer.o
    0x0000090c   0x0000090c   0x0000000c   Code   RO          627    i.UARTE0_UART0_IRQHandler  nrfx_prs.o
    0x00000918   0x00000918   0x0000000e   Code   RO         2763    i.__scatterload_copy  mc_w.l(handlers.o)
    0x00000926   0x00000926   0x00000002   Code   RO         2764    i.__scatterload_null  mc_w.l(handlers.o)
    0x00000928   0x00000928   0x0000000e   Code   RO         2765    i.__scatterload_zeroinit  mc_w.l(handlers.o)
    0x00000936   0x00000936   0x00000002   PAD
    0x00000938   0x00000938   0x0000007c   Code   RO         1387    i.app_error_fault_handler  app_error_weak.o
    0x000009b4   0x000009b4   0x00000016   Code   RO         1321    i.app_error_handler_bare  app_error.o
    0x000009ca   0x000009ca   0x00000004   Code   RO         1427    i.app_util_critical_region_enter  app_util_platform.o
    0x000009ce   0x000009ce   0x00000004   Code   RO         1428    i.app_util_critical_region_exit  app_util_platform.o
    0x000009d2   0x000009d2   0x00000002   PAD
    0x000009d4   0x000009d4   0x00000010   Code   RO         1429    i.app_util_disable_irq  app_util_platform.o
    0x000009e4   0x000009e4   0x00000014   Code   RO         1430    i.app_util_enable_irq  app_util_platform.o
    0x000009f8   0x000009f8   0x00000088   Code   RO          864    i.apply_config      nrfx_uart.o
    0x00000a80   0x00000a80   0x00000088   Code   RO         1046    i.apply_config      nrfx_uarte.o
    0x00000b08   0x00000b08   0x00000088   Code   RO         2055    i.buf_prealloc      nrf_log_frontend.o
    0x00000b90   0x00000b90   0x0000001e   Code   RO         1731    i.buffer_add        nrf_fprintf_format.o
    0x00000bae   0x00000bae   0x00000002   PAD
    0x00000bb0   0x00000bb0   0x00000014   Code   RO         2056    i.buffer_is_empty   nrf_log_frontend.o
    0x00000bc4   0x00000bc4   0x00000014   Code   RO         2058    i.dropped_sat16_get  nrf_log_frontend.o
    0x00000bd8   0x00000bd8   0x000000a6   Code   RO         1732    i.int_print         nrf_fprintf_format.o
    0x00000c7e   0x00000c7e   0x00000002   PAD
    0x00000c80   0x00000c80   0x00000080   Code   RO         1047    i.interrupts_enable  nrfx_uarte.o
    0x00000d00   0x00000d00   0x0000004c   Code   RO         2059    i.invalid_packets_pushed_str_omit  nrf_log_frontend.o
    0x00000d4c   0x00000d4c   0x0000009c   Code   RO         2060    i.log_skip          nrf_log_frontend.o
    0x00000de8   0x00000de8   0x00000068   Code   RO            4    i.main              main.o
    0x00000e50   0x00000e50   0x00000076   Code   RO         1771    i.memobj_op         nrf_memobj.o
    0x00000ec6   0x00000ec6   0x00000002   PAD
    0x00000ec8   0x00000ec8   0x00000030   Code   RO         2061    i.module_idx_get    nrf_log_frontend.o
    0x00000ef8   0x00000ef8   0x00000006   Code   RO         1518    i.nrf_atomic_flag_clear_fetch  nrf_atomic.o
    0x00000efe   0x00000efe   0x00000006   Code   RO         1519    i.nrf_atomic_flag_set  nrf_atomic.o
    0x00000f04   0x00000f04   0x0000000c   Code   RO         1521    i.nrf_atomic_u32_add  nrf_atomic.o
    0x00000f10   0x00000f10   0x0000000a   Code   RO         1525    i.nrf_atomic_u32_fetch_and  nrf_atomic.o
    0x00000f1a   0x00000f1a   0x0000000a   Code   RO         1527    i.nrf_atomic_u32_fetch_store  nrf_atomic.o
    0x00000f24   0x00000f24   0x0000000c   Code   RO         1531    i.nrf_atomic_u32_or  nrf_atomic.o
    0x00000f30   0x00000f30   0x0000000c   Code   RO         1533    i.nrf_atomic_u32_sub  nrf_atomic.o
    0x00000f3c   0x00000f3c   0x0000003e   Code   RO         1655    i.nrf_balloc_alloc  nrf_balloc.o
    0x00000f7a   0x00000f7a   0x0000002a   Code   RO         1656    i.nrf_balloc_free   nrf_balloc.o
    0x00000fa4   0x00000fa4   0x00000030   Code   RO         1657    i.nrf_balloc_init   nrf_balloc.o
    0x00000fd4   0x00000fd4   0x00000040   Code   RO          504    i.nrf_drv_twi_init  nrf_drv_twi.o
    0x00001014   0x00001014   0x0000000e   Code   RO          264    i.nrf_drv_twi_tx    adxl.o
    0x00001022   0x00001022   0x00000002   PAD
    0x00001024   0x00001024   0x00000068   Code   RO          575    i.nrf_drv_uart_init  nrf_drv_uart.o
    0x0000108c   0x0000108c   0x0000001a   Code   RO         1692    i.nrf_fprintf       nrf_fprintf.o
    0x000010a6   0x000010a6   0x00000018   Code   RO         1693    i.nrf_fprintf_buffer_flush  nrf_fprintf.o
    0x000010be   0x000010be   0x000001da   Code   RO         1733    i.nrf_fprintf_fmt   nrf_fprintf_format.o
    0x00001298   0x00001298   0x00000024   Code   RO          710    i.nrf_gpio_cfg      nrfx_twim.o
    0x000012bc   0x000012bc   0x00000024   Code   RO          865    i.nrf_gpio_cfg      nrfx_uart.o
    0x000012e0   0x000012e0   0x00000024   Code   RO         1048    i.nrf_gpio_cfg      nrfx_uarte.o
    0x00001304   0x00001304   0x00000012   Code   RO          866    i.nrf_gpio_cfg_default  nrfx_uart.o
    0x00001316   0x00001316   0x00000012   Code   RO         1049    i.nrf_gpio_cfg_default  nrfx_uarte.o
    0x00001328   0x00001328   0x00000012   Code   RO          867    i.nrf_gpio_cfg_input  nrfx_uart.o
    0x0000133a   0x0000133a   0x00000012   Code   RO         1050    i.nrf_gpio_cfg_input  nrfx_uarte.o
    0x0000134c   0x0000134c   0x00000014   Code   RO          868    i.nrf_gpio_cfg_output  nrfx_uart.o
    0x00001360   0x00001360   0x00000014   Code   RO         1051    i.nrf_gpio_cfg_output  nrfx_uarte.o
    0x00001374   0x00001374   0x0000000e   Code   RO          505    i.nrf_gpio_pin_set  nrf_drv_twi.o
    0x00001382   0x00001382   0x00000002   PAD
    0x00001384   0x00001384   0x00000050   Code   RO         2062    i.nrf_log_backend_add  nrf_log_frontend.o
    0x000013d4   0x000013d4   0x000000c8   Code   RO         1900    i.nrf_log_backend_serial_put  nrf_log_backend_serial.o
    0x0000149c   0x0000149c   0x00000002   Code   RO         1943    i.nrf_log_backend_uart_flush  nrf_log_backend_uart.o
    0x0000149e   0x0000149e   0x00000006   Code   RO         1944    i.nrf_log_backend_uart_init  nrf_log_backend_uart.o
    0x000014a4   0x000014a4   0x0000002c   Code   RO         1945    i.nrf_log_backend_uart_panic_set  nrf_log_backend_uart.o
    0x000014d0   0x000014d0   0x00000018   Code   RO         1946    i.nrf_log_backend_uart_put  nrf_log_backend_uart.o
    0x000014e8   0x000014e8   0x00000030   Code   RO         2064    i.nrf_log_color_id_get  nrf_log_frontend.o
    0x00001518   0x00001518   0x0000001c   Code   RO         2022    i.nrf_log_default_backends_init  nrf_log_default_backends.o
    0x00001534   0x00001534   0x00000218   Code   RO         2065    i.nrf_log_frontend_dequeue  nrf_log_frontend.o
    0x0000174c   0x0000174c   0x00000008   Code   RO         2067    i.nrf_log_frontend_std_0  nrf_log_frontend.o
    0x00001754   0x00001754   0x0000000e   Code   RO         2068    i.nrf_log_frontend_std_1  nrf_log_frontend.o
    0x00001762   0x00001762   0x00000012   Code   RO         2070    i.nrf_log_frontend_std_3  nrf_log_frontend.o
    0x00001774   0x00001774   0x000000ac   Code   RO         2242    i.nrf_log_hexdump_entry_process  nrf_log_str_formatter.o
    0x00001820   0x00001820   0x00000058   Code   RO         2074    i.nrf_log_init      nrf_log_frontend.o
    0x00001878   0x00001878   0x00000014   Code   RO         2075    i.nrf_log_module_cnt_get  nrf_log_frontend.o
    0x0000188c   0x0000188c   0x0000001c   Code   RO         2078    i.nrf_log_module_name_get  nrf_log_frontend.o
    0x000018a8   0x000018a8   0x00000028   Code   RO         2079    i.nrf_log_panic     nrf_log_frontend.o
    0x000018d0   0x000018d0   0x000000b6   Code   RO         2243    i.nrf_log_std_entry_process  nrf_log_str_formatter.o
    0x00001986   0x00001986   0x00000060   Code   RO         1772    i.nrf_memobj_alloc  nrf_memobj.o
    0x000019e6   0x000019e6   0x00000032   Code   RO         1773    i.nrf_memobj_free   nrf_memobj.o
    0x00001a18   0x00001a18   0x00000008   Code   RO         1774    i.nrf_memobj_get    nrf_memobj.o
    0x00001a20   0x00001a20   0x00000004   Code   RO         1775    i.nrf_memobj_pool_init  nrf_memobj.o
    0x00001a24   0x00001a24   0x0000001e   Code   RO         1776    i.nrf_memobj_put    nrf_memobj.o
    0x00001a42   0x00001a42   0x0000000c   Code   RO         1777    i.nrf_memobj_read   nrf_memobj.o
    0x00001a4e   0x00001a4e   0x0000000c   Code   RO         1778    i.nrf_memobj_write  nrf_memobj.o
    0x00001a5a   0x00001a5a   0x0000000c   Code   RO         1196    i.nrf_timer_event_clear  nrfx_timer.o
    0x00001a66   0x00001a66   0x0000000a   Code   RO          712    i.nrf_twim_event_check  nrfx_twim.o
    0x00001a70   0x00001a70   0x0000000c   Code   RO          713    i.nrf_twim_event_clear  nrfx_twim.o
    0x00001a7c   0x00001a7c   0x0000000a   Code   RO          869    i.nrf_uart_event_check  nrfx_uart.o
    0x00001a86   0x00001a86   0x0000000c   Code   RO          870    i.nrf_uart_event_clear  nrfx_uart.o
    0x00001a92   0x00001a92   0x0000000c   Code   RO          871    i.nrf_uart_int_enable_check  nrfx_uart.o
    0x00001a9e   0x00001a9e   0x0000000a   Code   RO         1052    i.nrf_uarte_event_check  nrfx_uarte.o
    0x00001aa8   0x00001aa8   0x0000000c   Code   RO         1053    i.nrf_uarte_event_clear  nrfx_uarte.o
    0x00001ab4   0x00001ab4   0x00000010   Code   RO          506    i.nrfx_coredep_delay_us  nrf_drv_twi.o
    0x00001ac4   0x00001ac4   0x00000010   Code   RO          714    i.nrfx_is_in_ram    nrfx_twim.o
    0x00001ad4   0x00001ad4   0x00000010   Code   RO         1054    i.nrfx_is_in_ram    nrfx_uarte.o
    0x00001ae4   0x00001ae4   0x00000030   Code   RO          628    i.nrfx_prs_acquire  nrfx_prs.o
    0x00001b14   0x00001b14   0x00000012   Code   RO          629    i.nrfx_prs_release  nrfx_prs.o
    0x00001b26   0x00001b26   0x0000003a   Code   RO         1199    i.nrfx_timer_compare  nrfx_timer.o
    0x00001b60   0x00001b60   0x0000001c   Code   RO         1203    i.nrfx_timer_enable  nrfx_timer.o
    0x00001b7c   0x00001b7c   0x0000002a   Code   RO         1204    i.nrfx_timer_extended_compare  nrfx_timer.o
    0x00001ba6   0x00001ba6   0x00000002   PAD
    0x00001ba8   0x00001ba8   0x000000c0   Code   RO         1206    i.nrfx_timer_init   nrfx_timer.o
    0x00001c68   0x00001c68   0x00000024   Code   RO          716    i.nrfx_twim_enable  nrfx_twim.o
    0x00001c8c   0x00001c8c   0x000000e4   Code   RO          717    i.nrfx_twim_init    nrfx_twim.o
    0x00001d70   0x00001d70   0x00000030   Code   RO          719    i.nrfx_twim_rx      nrfx_twim.o
    0x00001da0   0x00001da0   0x00000036   Code   RO          722    i.nrfx_twim_tx      nrfx_twim.o
    0x00001dd6   0x00001dd6   0x00000002   PAD
    0x00001dd8   0x00001dd8   0x00000028   Code   RO          724    i.nrfx_twim_xfer    nrfx_twim.o
    0x00001e00   0x00001e00   0x00000010   Code   RO          872    i.nrfx_uart_0_irq_handler  nrfx_uart.o
    0x00001e10   0x00001e10   0x000000d4   Code   RO          874    i.nrfx_uart_init    nrfx_uart.o
    0x00001ee4   0x00001ee4   0x000000a4   Code   RO          880    i.nrfx_uart_tx      nrfx_uart.o
    0x00001f88   0x00001f88   0x00000020   Code   RO          882    i.nrfx_uart_tx_in_progress  nrfx_uart.o
    0x00001fa8   0x00001fa8   0x000000b4   Code   RO          883    i.nrfx_uart_uninit  nrfx_uart.o
    0x0000205c   0x0000205c   0x00000010   Code   RO         1055    i.nrfx_uarte_0_irq_handler  nrfx_uarte.o
    0x0000206c   0x0000206c   0x0000006c   Code   RO         1057    i.nrfx_uarte_init   nrfx_uarte.o
    0x000020d8   0x000020d8   0x00000090   Code   RO         1061    i.nrfx_uarte_tx     nrfx_uarte.o
    0x00002168   0x00002168   0x0000001c   Code   RO         1063    i.nrfx_uarte_tx_in_progress  nrfx_uarte.o
    0x00002184   0x00002184   0x000000b0   Code   RO         1064    i.nrfx_uarte_uninit  nrfx_uarte.o
    0x00002234   0x00002234   0x0000003c   Code   RO         2245    i.postfix_process   nrf_log_str_formatter.o
    0x00002270   0x00002270   0x00000098   Code   RO         2246    i.prefix_process    nrf_log_str_formatter.o
    0x00002308   0x00002308   0x00000018   Code   RO          630    i.prs_box_get       nrfx_prs.o
    0x00002320   0x00002320   0x00000032   Code   RO          884    i.rx_byte           nrfx_uart.o
    0x00002352   0x00002352   0x00000016   Code   RO          885    i.rx_done_event     nrfx_uart.o
    0x00002368   0x00002368   0x00000018   Code   RO         1065    i.rx_done_event     nrfx_uarte.o
    0x00002380   0x00002380   0x00000040   Code   RO         1947    i.serial_tx         nrf_log_backend_uart.o
    0x000023c0   0x000023c0   0x0000008c   Code   RO         2081    i.std_n             nrf_log_frontend.o
    0x0000244c   0x0000244c   0x00000058   Code   RO            5    i.timer_adxl_event_handler  main.o
    0x000024a4   0x000024a4   0x0000004c   Code   RO            6    i.timer_init        main.o
    0x000024f0   0x000024f0   0x000000aa   Code   RO          507    i.twi_clear_bus     nrf_drv_twi.o
    0x0000259a   0x0000259a   0x00000002   PAD
    0x0000259c   0x0000259c   0x0000002c   Code   RO            7    i.twi_init          main.o
    0x000025c8   0x000025c8   0x00000040   Code   RO          508    i.twim_evt_handler  nrf_drv_twi.o
    0x00002608   0x00002608   0x0000014c   Code   RO          725    i.twim_irq_handler  nrfx_twim.o
    0x00002754   0x00002754   0x00000238   Code   RO          726    i.twim_xfer         nrfx_twim.o
    0x0000298c   0x0000298c   0x00000020   Code   RO          887    i.tx_byte           nrfx_uart.o
    0x000029ac   0x000029ac   0x0000001a   Code   RO          888    i.tx_done_event     nrfx_uart.o
    0x000029c6   0x000029c6   0x00000002   PAD
    0x000029c8   0x000029c8   0x00000030   Code   RO          576    i.uart_evt_handler  nrf_drv_uart.o
    0x000029f8   0x000029f8   0x0000000c   Code   RO         1948    i.uart_evt_handler  nrf_log_backend_uart.o
    0x00002a04   0x00002a04   0x00000050   Code   RO         1949    i.uart_init         nrf_log_backend_uart.o
    0x00002a54   0x00002a54   0x00000128   Code   RO          889    i.uart_irq_handler  nrfx_uart.o
    0x00002b7c   0x00002b7c   0x00000030   Code   RO          577    i.uarte_evt_handler  nrf_drv_uart.o
    0x00002bac   0x00002bac   0x000000f4   Code   RO         1066    i.uarte_irq_handler  nrfx_uarte.o
    0x00002ca0   0x00002ca0   0x000000b4   Code   RO         1734    i.unsigned_print    nrf_fprintf_format.o
    0x00002d54   0x00002d54   0x00000030   Data   RO            8    .constdata          main.o
    0x00002d84   0x00002d84   0x0000000c   PAD
    0x00002d90   0x00002d90   0x00000006   Data   RO          509    .constdata          nrf_drv_twi.o
    0x00002d96   0x00002d96   0x00000002   PAD
    0x00002d98   0x00002d98   0x0000001c   Data   RO          729    .constdata          nrfx_twim.o
    0x00002db4   0x00002db4   0x00000004   Data   RO          892    .constdata          nrfx_uart.o
    0x00002db8   0x00002db8   0x00000004   Data   RO         1069    .constdata          nrfx_uarte.o
    0x00002dbc   0x00002dbc   0x00000010   Data   RO         1735    .constdata          nrf_fprintf_format.o
    0x00002dcc   0x00002dcc   0x0000000c   Data   RO         1951    .constdata          nrf_log_backend_uart.o
    0x00002dd8   0x00002dd8   0x00000020   Data   RO         1952    .constdata          nrf_log_backend_uart.o
    0x00002df8   0x00002df8   0x00000081   Data   RO         2704    .constdata          mc_w.l(ctype_o.o)
    0x00002e79   0x00002e79   0x00000003   PAD
    0x00002e7c   0x00002e7c   0x00000004   Data   RO         2705    .constdata          mc_w.l(ctype_o.o)
    0x00002e80   0x00002e80   0x00000066   Data   RO         2247    .conststring        nrf_log_str_formatter.o
    0x00002ee6   0x00002ee6   0x00000002   PAD
    0x00002ee8   0x00002ee8   0x00000004   Data   RO          632    .conststrlit        nrfx_prs.o
    0x00002eec   0x00002eec   0x00000005   Data   RO          732    .conststrlit        nrfx_twim.o
    0x00002ef1   0x00002ef1   0x00000003   PAD
    0x00002ef4   0x00002ef4   0x00000005   Data   RO          895    .conststrlit        nrfx_uart.o
    0x00002ef9   0x00002ef9   0x00000003   PAD
    0x00002efc   0x00002efc   0x00000006   Data   RO         1072    .conststrlit        nrfx_uarte.o
    0x00002f02   0x00002f02   0x00000002   PAD
    0x00002f04   0x00002f04   0x00000006   Data   RO         1213    .conststrlit        nrfx_timer.o
    0x00002f0a   0x00002f0a   0x00000002   PAD
    0x00002f0c   0x00002f0c   0x00000018   Data   RO         2084    .conststrlit        nrf_log_frontend.o
    0x00002f24   0x00002f24   0x00000020   Data   RO         2761    Region$$Table       anon$$obj.o
    0x00002f44   0x00002f44   0x00000008   Data   RO          634    log_const_data      nrfx_prs.o
    0x00002f4c   0x00002f4c   0x00000008   Data   RO          733    log_const_data      nrfx_twim.o
    0x00002f54   0x00002f54   0x00000008   Data   RO          896    log_const_data      nrfx_uart.o
    0x00002f5c   0x00002f5c   0x00000008   Data   RO         1073    log_const_data      nrfx_uarte.o
    0x00002f64   0x00002f64   0x00000008   Data   RO         1214    log_const_data      nrfx_timer.o
    0x00002f6c   0x00002f6c   0x00000010   Data   RO         2087    log_const_data      nrf_log_frontend.o
    0x00002f7c   0x00002f7c   0x00000018   Data   RO         2089    nrf_balloc          nrf_log_frontend.o


    Execution Region RW_IRAM1 (Exec base: 0x20000000, Load base: 0x00002f94, Size: 0x000026a8, Max: 0x00010000, ABSOLUTE)

    Exec Addr    Load Addr    Size         Type   Attr      Idx    E Section Name        Object

    0x20000000   0x00002f94   0x00000010   Data   RW          510    .data               nrf_drv_twi.o
    0x20000010   0x00002fa4   0x0000000c   Data   RW          578    .data               nrf_drv_uart.o
    0x2000001c   0x00002fb0   0x00000008   Data   RW          633    .data               nrfx_prs.o
    0x20000024   0x00002fb8   0x00000004   Data   RW         1433    .data               app_util_platform.o
    0x20000028   0x00002fbc   0x00000018   Data   RW         1953    .data               nrf_log_backend_uart.o
    0x20000040   0x00002fd4   0x0000000c   Data   RW         2023    .data               nrf_log_default_backends.o
    0x2000004c   0x00002fe0   0x00000008   Data   RW         2085    .data               nrf_log_frontend.o
    0x20000054   0x00002fe8   0x00000008   Data   RW         2086    .data               nrf_log_frontend.o
    0x2000005c   0x00002ff0   0x00000040   Data   RW         2248    .data               nrf_log_str_formatter.o
    0x2000009c   0x00003030   0x00000004   Data   RW         2664    .data               system_nrf52.o
    0x200000a0   0x00003034   0x00000004   Data   RW          635    log_dynamic_data    nrfx_prs.o
    0x200000a4   0x00003038   0x00000004   Data   RW          734    log_dynamic_data    nrfx_twim.o
    0x200000a8   0x0000303c   0x00000004   Data   RW          897    log_dynamic_data    nrfx_uart.o
    0x200000ac   0x00003040   0x00000004   Data   RW         1074    log_dynamic_data    nrfx_uarte.o
    0x200000b0   0x00003044   0x00000004   Data   RW         1215    log_dynamic_data    nrfx_timer.o
    0x200000b4   0x00003048   0x00000008   Data   RW         2088    log_dynamic_data    nrf_log_frontend.o
    0x200000bc        -       0x00000068   Zero   RW          727    .bss                nrfx_twim.o
    0x20000124        -       0x0000002c   Zero   RW          890    .bss                nrfx_uart.o
    0x20000150        -       0x00000024   Zero   RW         1067    .bss                nrfx_uarte.o
    0x20000174        -       0x0000000c   Zero   RW         1211    .bss                nrfx_timer.o
    0x20000180        -       0x00000040   Zero   RW         1950    .bss                nrf_log_backend_uart.o
    0x200001c0        -       0x000000c0   Zero   RW         2082    .bss                nrf_log_frontend.o
    0x20000280        -       0x00000424   Zero   RW         2083    .bss                nrf_log_frontend.o
    0x200006a4   0x00003050   0x00000004   PAD
    0x200006a8        -       0x00002000   Zero   RW         2652    STACK               arm_startup_nrf52.o


==============================================================================

Image component sizes


      Code (inc. data)   RO Data    RW Data    ZI Data      Debug   Object Name

       494        152          0          0          0      52966   adxl.o
        22          0          0          0          0       2469   app_error.o
         0          0          0          0          0        392   app_error_handler_keil.o
       124         40          0          0          0      35009   app_error_weak.o
        44         10          0          4          0       3392   app_util_platform.o
        36          8        512          0       8192        936   arm_startup_nrf52.o
         0          0          0          0          0      34292   boards.o
       312         90         48          0          0      65169   main.o
       294          0          0          0          0       7959   nrf_atomic.o
       152          0          0          0          0       3608   nrf_balloc.o
       328         16          6         16          0      24987   nrf_drv_twi.o
       200         26          0         12          0      17768   nrf_drv_uart.o
        50          0          0          0          0       3561   nrf_fprintf.o
       850          4         16          0          0       5518   nrf_fprintf_format.o
       200          0          0          0          0      11551   nrf_log_backend_serial.o
       232         44         44         24         64      21258   nrf_log_backend_uart.o
        28          6          0         12          0       3231   nrf_log_default_backends.o
      1476        118         64         24       1252      30041   nrf_log_frontend.o
       566        108        102         64          0       5844   nrf_log_str_formatter.o
       330          0          0          0          0       9691   nrf_memobj.o
       102         16         12         12          0       5860   nrfx_prs.o
       412         18         14          4         12      14666   nrfx_timer.o
      1412         52         41          4        104      57804   nrfx_twim.o
      1292         40         17          4         44      28530   nrfx_uart.o
      1134         44         18          4         36      22825   nrfx_uarte.o
       796         70          0          4          0       2967   system_nrf52.o

    ----------------------------------------------------------------------
     10908        862        952        188       9708     472294   Object Totals
         0          0         32          0          0          0   (incl. Generated)
        22          0         26          0          4          0   (incl. Padding)

    ----------------------------------------------------------------------

      Code (inc. data)   RO Data    RW Data    ZI Data      Debug   Library Member Name

         8          4        133          0          0         68   ctype_o.o
         0          0          0          0          0          0   entry.o
         0          0          0          0          0          0   entry10a.o
         0          0          0          0          0          0   entry11a.o
         8          4          0          0          0          0   entry2.o
         4          0          0          0          0          0   entry5.o
         0          0          0          0          0          0   entry7b.o
         0          0          0          0          0          0   entry8b.o
         8          4          0          0          0          0   entry9a.o
        30          0          0          0          0          0   handlers.o
        36          8          0          0          0         68   init.o
        36          0          0          0          0         68   memcpya.o
        36          0          0          0          0        108   memseta.o
        14          0          0          0          0         68   strlen.o

    ----------------------------------------------------------------------
       184         20        136          0          0        380   Library Totals
         4          0          3          0          0          0   (incl. Padding)

    ----------------------------------------------------------------------

      Code (inc. data)   RO Data    RW Data    ZI Data      Debug   Library Name

       180         20        133          0          0        380   mc_w.l

    ----------------------------------------------------------------------
       184         20        136          0          0        380   Library Totals

    ----------------------------------------------------------------------

==============================================================================


      Code (inc. data)   RO Data    RW Data    ZI Data      Debug   

     11092        882       1088        188       9708     459526   Grand Totals
     11092        882       1088        188       9708     459526   ELF Image Totals
     11092        882       1088        188          0          0   ROM Totals

==============================================================================

    Total RO  Size (Code + RO Data)                12180 (  11.89kB)
    Total RW  Size (RW Data + ZI Data)              9896 (   9.66kB)
    Total ROM Size (Code + RO Data + RW Data)      12368 (  12.08kB)

==============================================================================

